gpasm-0.13.7 beta               boot.asm    3-18-2010  22:51:14          PAGE  1


LOC  OBJECT CODE     LINE SOURCE TEXT
  VALUE
 
               00001 ;==============================================================================
               00002 ;    boot.asm
               00003 ;==============================================================================
               00004 
               00005 ;------------------------------------------------------------------------------
               00006 ;
               00007 ; Simple Debug Kernel for CPU supervisor on Z80 Project Mark 2
               00008 ; File Version 2 - 17 Oct 09
               00009 ; hairymnstr@gmail.com
               00010 ;
               00011 ; Copyright (C) 2009  Nathan Dumont
               00012 ;
               00013 ; This program is free software: you can redistribute it and/or modify
               00014 ; it under the terms of the GNU General Public License as published by
               00015 ; the Free Software Foundation, either version 3 of the License, or
               00016 ; (at your option) any later version.
               00017 ;
               00018 ; This program is distributed in the hope that it will be useful,
               00019 ; but WITHOUT ANY WARRANTY; without even the implied warranty of
               00020 ; MERCHANTABILITY or FITNESS FOR A PARTICULAR PURPOSE.  See the
               00021 ; GNU General Public License for more details.
               00022 ;
               00023 ; You should have received a copy of the GNU General Public License
               00024 ; along with this program.  If not, see <http://www.gnu.org/licenses/>.
               00025 ;
               00026 ;
               00027 ;------------------------------------------------------------------------------
               00028 
               00029 list p=18f4520
               00030 #include <p18f4520.inc>
               00001         LIST
               00002 
               00003 ;==========================================================================
               00004 ;  MPASM PIC18F4520 processor include
               00005 ; 
               00006 ;  (c) Copyright 1999-2007 Microchip Technology, All rights reserved
               00007 ;==========================================================================
               00008 
               01336         LIST
               00031 #include "portpins.inc"
               00001 ;== PORT Definitions ==========================================================
               00002 
               00003 ;-- PORT A --------------------------------------------------------------------
               00004 
  00000000     00005 P_RESET         EQU     0
  00000001     00006 P_BUSRQ         EQU     1
  00000002     00007 P_MREQ          EQU     2
  00000003     00008 P_IORQ          EQU     3
  00000004     00009 P_WAIT          EQU     4
  00000005     00010 P_HI_LAT        EQU     5
               00011 
               00012 ;-- PORT C --------------------------------------------------------------------
               00013 
  00000000     00014 P_BUSACK        EQU     0
gpasm-0.13.7 beta               boot.asm    3-18-2010  22:51:14          PAGE  2


LOC  OBJECT CODE     LINE SOURCE TEXT
  VALUE
 
  00000001     00015 P_SD_CS         EQU     1
  00000002     00016 P_CLK           EQU     2
  00000003     00017 P_SD_CK         EQU     3
  00000004     00018 P_SD_DI         EQU     4
  00000005     00019 P_SD_DO         EQU     5
  00000006     00020 P_TX            EQU     6
  00000007     00021 P_RX            EQU     7
               00022 
               00023 ;-- PORT B ---------------------------------------------------------------------
               00024 
  00000004     00025 P_SD_FIND       EQU     4
  00000005     00026 P_TXE           EQU     5
  00000006     00027 P_RXF           EQU     6
  00000007     00028 P_SD_PRES       EQU     7
               00029 
  000000C0     00030 SLAVE_LATB_DEF EQU     b'11000000'
  0000001F     00031 SLAVE_TRISB_DEF EQU     b'00011111'
               00032 
               00033 ;-- PORT E --------------------------------------------------------------------
               00034 
  00000000     00035 P_RD            EQU     0
  00000001     00036 P_WR            EQU     1
  00000002     00032 
               00033 ; -- Externals From host_bus.asm ----------------------------------------------
               00034 
               00035     EXTERN      ensure_master
               00036     EXTERN      revert_master
               00037     EXTERN      mem_write
               00038 
               00039     EXTERN      DREG
               00040     EXTERN      HI_ADDR
               00041     EXTERN      LO_ADDR
               00042 
               00043 ; -- Externals From eeprom.asm -------------------------------------------------
               00044 
               00045     EXTERN      eeprom_read
               00046     EXTERN      eeprom_addr
               00047     EXTERN      eeprom_data
               00048 
               00049   UDATA
               00050 
               00051 WRCOUNT         RES     1
               00052 BOOTWR_FLAGS      RES     1
               00053 
               00054 high_jump               res     1
               00055 low_jump                res     1
               00056 
               00057   CODE
               00058 
0000 00059 boot_init
0000 0E01      00060     movlw       0x01
0002 6E00      00061     movwf       eeprom_addr
               00062 
0004 EC00 F000 00063     call        eeprom_read
gpasm-0.13.7 beta               boot.asm    3-18-2010  22:51:14          PAGE  3


LOC  OBJECT CODE     LINE SOURCE TEXT
  VALUE
 
               00064     ; option for clock speed now in eedata
               00065 
0008 0E00      00066     movlw       high clock_jump_table
000A 6E00      00067     movwf       high_jump
               00068 
000C 5000      00069     movf        eeprom_data, w
000E 0B03      00070     andlw       0x03            ; make sure it's a valid clock setting
               00071 
0010 44E8      00072     rlncf       WREG, w
0012 44E8      00073     rlncf       WREG, w
               00074 
0014 0F00      00075     addlw       low clock_jump_table
0016 B0D8      00076     btfsc       STATUS, C
0018 2A00      00077     incf        high_jump, f
               00078 
001A 6E00      00079     movwf       low_jump
001C 5000      00080     movf        high_jump, w
001E 6EFA      00081     movwf       PCLATH
               00082 
0020 5000      00083     movf        low_jump, w
0022 6EF9      00084     movwf       PCL
               00085 
0024 00086 clock_jump_table
0024 EF00 F000 00087     goto        clock_0
0028 EF00 F000 00088     goto        clock_1
002C EF00 F000 00089     goto        clock_2
0030 EF00 F000 00090     goto        clock_3
               00091 
0034 00092 clock_0                         ; 250kHz
               00093 ; set up the PWM peripheral that's going to generate the clock
0034 0E27      00094     movlw       d'39'            ; Frequency setting  1 = 5MHz, 2 = 3.33MHz, 
               00095                                  ;                    3 = 2.5MHz, 39 = 250kHz
0036 6ECB      00096     movwf       PR2
               00097 ; Duty cycle 1/2 
               00098 ; 10 bit value bits <9:2> in CCPR1L
               00099 ;              bits <1:0> in CCP1CON<5:4>
               00100 ; 5MHz = 4    (b'0000000100' - 0x01 & b'00') - mode 03
               00101 ; 3.33MHz = 6 (b'0000000110' - 0x01 & b'10') - mode 02
               00102 ; 2.5MHz = 16 (b'0000010000' - 0x02 & b'00') - mode 01
               00103 ; 250kHz = 80 (b'0001010000' - 0x14 & b'00') - mode 00
               00104 ; CCP1CON<7:6> 00 - single output
               00105 ; CCP1CON<5:4> xx - see above
               00106 ; CCP1CON<3:0> 1100 - PWM mode
0038 0E0C      00107     movlw       b'00001100'
003A 6EBD      00108     movwf       CCP1CON
003C 0E14      00109     movlw       0x14
003E 6EBE      00110     movwf       CCPR1L          
               00111 
0040 9494      00112     bcf         TRISC,P_CLK     ; pin as output
               00113     
0042 0E04      00114     movlw       b'00000100'     ; T2 on, no pre or post scale
0044 6ECA      00115     movwf       T2CON
               00116 
0046 0012      00117     return
gpasm-0.13.7 beta               boot.asm    3-18-2010  22:51:14          PAGE  4


LOC  OBJECT CODE     LINE SOURCE TEXT
  VALUE
 
               00118 
0048 00119 clock_1                         ; 2.5MHz
               00120 ; set up the PWM peripheral that's going to generate the clock
0048 0E03      00121     movlw       d'3'            ; Frequency setting  1 = 5MHz, 2 = 3.33MHz, 
               00122                                  ;                    3 = 2.5MHz, 39 = 250kHz
004A 6ECB      00123     movwf       PR2
               00124 ; Duty cycle 1/2 
               00125 ; 10 bit value bits <9:2> in CCPR1L
               00126 ;              bits <1:0> in CCP1CON<5:4>
               00127 ; 5MHz = 4    (b'0000000100' - 0x01 & b'00') - mode 03
               00128 ; 3.33MHz = 6 (b'0000000110' - 0x01 & b'10') - mode 02
               00129 ; 2.5MHz = 16 (b'0000010000' - 0x02 & b'00') - mode 01
               00130 ; 250kHz = 80 (b'0001010000' - 0x14 & b'00') - mode 00
               00131 ; CCP1CON<7:6> 00 - single output
               00132 ; CCP1CON<5:4> xx - see above
               00133 ; CCP1CON<3:0> 1100 - PWM mode
004C 0E0C      00134     movlw       b'00001100'
004E 6EBD      00135     movwf       CCP1CON
0050 0E02      00136     movlw       0x2
0052 6EBE      00137     movwf       CCPR1L          
               00138 
0054 9494      00139     bcf         TRISC,P_CLK     ; pin as output
               00140     
0056 0E04      00141     movlw       b'00000100'     ; T2 on, no pre or post scale
0058 6ECA      00142     movwf       T2CON
               00143 
005A 0012      00144     return
               00145 
005C 00146 clock_2                         ; 3.33MHz
               00147 ; set up the PWM peripheral that's going to generate the clock
005C 0E02      00148     movlw       d'2'            ; Frequency setting  1 = 5MHz, 2 = 3.33MHz, 
               00149                                  ;                    3 = 2.5MHz, 39 = 250kHz
005E 6ECB      00150     movwf       PR2
               00151 ; Duty cycle 1/2 
               00152 ; 10 bit value bits <9:2> in CCPR1L
               00153 ;              bits <1:0> in CCP1CON<5:4>
               00154 ; 5MHz = 4    (b'0000000100' - 0x01 & b'00') - mode 03
               00155 ; 3.33MHz = 6 (b'0000000110' - 0x01 & b'10') - mode 02
               00156 ; 2.5MHz = 16 (b'0000010000' - 0x02 & b'00') - mode 01
               00157 ; 250kHz = 80 (b'0001010000' - 0x14 & b'00') - mode 00
               00158 ; CCP1CON<7:6> 00 - single output
               00159 ; CCP1CON<5:4> xx - see above
               00160 ; CCP1CON<3:0> 1100 - PWM mode
0060 0E2C      00161     movlw       b'00101100'
0062 6EBD      00162     movwf       CCP1CON
0064 0E01      00163     movlw       0x1
0066 6EBE      00164     movwf       CCPR1L          
               00165 
0068 9494      00166     bcf         TRISC,P_CLK     ; pin as output
               00167     
006A 0E04      00168     movlw       b'00000100'     ; T2 on, no pre or post scale
006C 6ECA      00169     movwf       T2CON
               00170 
006E 0012      00171     return
gpasm-0.13.7 beta               boot.asm    3-18-2010  22:51:14          PAGE  5


LOC  OBJECT CODE     LINE SOURCE TEXT
  VALUE
 
               00172 
0070 00173 clock_3                         ; 5MHz
               00174 ; set up the PWM peripheral that's going to generate the clock
0070 0E01      00175     movlw       d'1'            ; Frequency setting  1 = 5MHz, 2 = 3.33MHz, 
               00176                                  ;                    3 = 2.5MHz, 39 = 250kHz
0072 6ECB      00177     movwf       PR2
               00178 ; Duty cycle 1/2 
               00179 ; 10 bit value bits <9:2> in CCPR1L
               00180 ;              bits <1:0> in CCP1CON<5:4>
               00181 ; 5MHz = 4    (b'0000000100' - 0x01 & b'00') - mode 03
               00182 ; 3.33MHz = 6 (b'0000000110' - 0x01 & b'10') - mode 02
               00183 ; 2.5MHz = 16 (b'0000010000' - 0x02 & b'00') - mode 01
               00184 ; 250kHz = 80 (b'0001010000' - 0x14 & b'00') - mode 00
               00185 ; CCP1CON<7:6> 00 - single output
               00186 ; CCP1CON<5:4> xx - see above
               00187 ; CCP1CON<3:0> 1100 - PWM mode
0074 0E0C      00188     movlw       b'00001100'
0076 6EBD      00189     movwf       CCP1CON
0078 0E01      00190     movlw       0x1
007A 6EBE      00191     movwf       CCPR1L          
               00192 
007C 9494      00193     bcf         TRISC,P_CLK     ; pin as output
               00194     
007E 0E04      00195     movlw       b'00000100'     ; T2 on, no pre or post scale
0080 6ECA      00196     movwf       T2CON
               00197 
0082 0012      00198     return
               00199 
               00200 ;===============================================================================
               00201 ; boot_load - loads the boot ROM from the PIC's flash to system memory
               00202 ;===============================================================================
               00203 
               00204 ;; There is an 8K image in Flash onboard this PIC.  This is loaded sequentially
               00205 ;; into system memory but in two chunks; the first part loads up between 0 and
               00206 ;; $100, then the remainder is loaded above $8000.
               00207 
0084 00208 boot_load
               00209     ; make sure that the Z80 is a slave
0084 EC00 F000 00210     call        ensure_master
               00211 
               00212     ; set up the table read pointers
               00213 
0088 6AF8      00214     clrf        TBLPTRU
008A 0E60      00215     movlw       0x60
008C 6EF7      00216     movwf       TBLPTRH
008E 6AF6      00217     clrf        TBLPTRL
               00218 
               00219     ; set up EECON1 for Flash memory read
               00220     
0090 0E80      00221     movlw       b'10000000'
0092 6EA6      00222     movwf       EECON1
               00223 
               00224     ; now loop over all 8KB of data
0094 6A00      00225     clrf        HI_ADDR
gpasm-0.13.7 beta               boot.asm    3-18-2010  22:51:14          PAGE  6


LOC  OBJECT CODE     LINE SOURCE TEXT
  VALUE
 
0096 6A00      00226     clrf        LO_ADDR
               00227 
0098 00228 boot_load_loop
0098 0009      00229     tblrd*+             ; copy a byte into TABLAT
009A CFF5 F000 00230     movff       TABLAT,DREG
009E EC00 F000 00231     call        mem_write
00A2 3E00      00232     incfsz      LO_ADDR,f
00A4 D000      00233     bra         boot_load_loop
00A6 2A00      00234     incf        HI_ADDR,f
00A8 5000      00235     movf        HI_ADDR,w
00AA 0A01      00236     xorlw       0x01
00AC E000      00237     bz          boot_jump_8000
00AE 5000      00238     movf        HI_ADDR,w
00B0 0A9F      00239     xorlw       0x9F
00B2 E100      00240     bnz         boot_load_loop
               00241     
               00242     ; all done, release the bus if we claimed it and return
00B4 EC00 F000 00243     call        revert_master
               00244 
00B8 0012      00245     return
               00246 
00BA 00247 boot_jump_8000
00BA 0E80      00248     movlw       0x80
00BC 6E00      00249     movwf       HI_ADDR
00BE D000      00250     bra         boot_load_loop
               00251 
               00252 ;*******************************************************************************
               00253 ;*  boot_update - copy a 128 byte packet from RX buffer to flash               *
               00254 ;*    This is called repeatedly from serial.asm after an update BIOS command   *
               00255 ;*    is sent from a PC.                                                       *
               00256 ;*******************************************************************************
00C0 00257 boot_update
               00258     ; first two bytes in the RX buffer are the start address in FLASH
               00259     ; they've already been checked so just trust them
               00260     ; FSR0L is already pointing at the high address
               00261 
00C0 6AF8      00262     clrf        TBLPTRU
00C2 50EE      00263     movf        POSTINC0,w
00C4 6EF7      00264     movwf       TBLPTRH
00C6 50EE      00265     movf        POSTINC0,w
00C8 6EF6      00266     movwf       TBLPTRL
               00267 
00CA 8000      00268     bsf         BOOTWR_FLAGS,0
               00269     ; next code gets run twice because you can only erase data in 64 byte blocks
00CC 00270 boot_update_erase
               00271     ; erase a block
00CC 8EA6      00272     bsf         EECON1, EEPGD
00CE 9CA6      00273     bcf         EECON1, CFGS
00D0 84A6      00274     bsf         EECON1, WREN
00D2 88A6      00275     bsf         EECON1, FREE
00D4 9EF2      00276     bcf         INTCON, GIE
               00277 
00D6 0E55      00278     movlw       0x55
00D8 6EA7      00279     movwf       EECON2
gpasm-0.13.7 beta               boot.asm    3-18-2010  22:51:14          PAGE  7


LOC  OBJECT CODE     LINE SOURCE TEXT
  VALUE
 
00DA 0EAA      00280     movlw       0x0AA
00DC 6EA7      00281     movwf       EECON2
00DE 82A6      00282     bsf         EECON1, WR              ; actual erase command up to 2 ms
               00283 
00E0 8EF2      00284     bsf         INTCON, GIE     ; re-enable interrupts
00E2 000A      00285     tblrd*-                     ; dummy decrement, we're going to use pre-inc
               00286                                 ; to write so the pointer is still in the
               00287                                 ; block when we call write
               00288 
00E4 8200      00289     bsf         BOOTWR_FLAGS,1  ; flag to see how many times we've done this
               00290     ; write a 32 byte block, happens twice
00E6 00291 boot_update_write
00E6 0E20      00292     movlw       d'32'
00E8 6E00      00293     movwf       WRCOUNT
               00294 
00EA 00295 boot_update_write_loop
00EA 50EE      00296     movf        POSTINC0,w
00EC 6EF5      00297     movwf       TABLAT
00EE 000F      00298     tblwt+*
00F0 2E00      00299     decfsz      WRCOUNT,f
00F2 D000      00300     bra         boot_update_write_loop
               00301 
               00302     ; written 32 bytes to tablat, now need to initiate the write
00F4 8EA6      00303     bsf         EECON1, EEPGD
00F6 9CA6      00304     bcf         EECON1, CFGS
00F8 84A6      00305     bsf         EECON1, WREN
00FA 9EF2      00306     bcf         INTCON, GIE
               00307 
00FC 0E55      00308     movlw       0x55
00FE 6EA7      00309     movwf       EECON2
0100 0EAA      00310     movlw       0x0AA
0102 6EA7      00311     movwf       EECON2
0104 82A6      00312     bsf         EECON1, WR
               00313 
0106 8EF2      00314     bsf         INTCON, GIE
0108 94A6      00315     bcf         EECON1, WREN
               00316 
010A A200      00317     btfss       BOOTWR_FLAGS,1
010C D000      00318     bra         boot_update_second_erase
               00319 
010E 9200      00320     bcf         BOOTWR_FLAGS,1
0110 D000      00321     bra         boot_update_write
               00322 
0112 00323 boot_update_second_erase
0112 A000      00324     btfss       BOOTWR_FLAGS,0
0114 EF00 F000 00325     goto        boot_verify
0118 9000      00326     bcf         BOOTWR_FLAGS,0
011A 0009      00327     tblrd*+                     ; dummy increment to make sure we erase the next block
011C EF00 F000 00328     goto        boot_update_erase
               00329 
0120 00330 boot_verify
               00331     ; check through all the bytes just written to flash and make sure they
               00332     ; match.  Then build a report packet accordingly
0120 8400      00333     bsf         BOOTWR_FLAGS,2  ; set a flag, this gets cleared if we find an
gpasm-0.13.7 beta               boot.asm    3-18-2010  22:51:14          PAGE  8


LOC  OBJECT CODE     LINE SOURCE TEXT
  VALUE
 
               00334                                 ; error
               00335 
0122 0E01      00336     movlw       0x1
0124 6EEA      00337     movwf       FSR0H
0126 0E02      00338     movlw       0x02            ; need to skip the command and length bytes
0128 6EE9      00339     movwf       FSR0L
               00340 
               00341     ; set the table pointer
012A 6AF8      00342     clrf        TBLPTRU
012C 50EE      00343     movf        POSTINC0,w
012E 6EF7      00344     movwf       TBLPTRH
0130 50EE      00345     movf        POSTINC0,w
0132 6EF6      00346     movwf       TBLPTRL
               00347 
0134 0E80      00348     movlw       0x80
0136 6E00      00349     movwf       WRCOUNT
               00350 
0138 00351 boot_verify_loop
0138 50EE      00352     movf        POSTINC0,w
013A 0009      00353     tblrd*+
013C 18F5      00354     xorwf       TABLAT,w
013E A4D8      00355     btfss       STATUS,Z
0140 9400      00356     bcf         BOOTWR_FLAGS,2
0142 2E00      00357     decfsz      WRCOUNT,f
0144 D000      00358     bra         boot_verify_loop
               00359 
               00360     ; all verified, need to make a response packet based on the OK flag
0146 A400      00361     btfss       BOOTWR_FLAGS,2
0148 D000      00362     bra         boot_verify_nak
               00363 
               00364     ; got here so write went according to plan
014A 0E02      00365     movlw       0x2
014C 6EE2      00366     movwf       FSR1H
014E 6AE1      00367     clrf        FSR1L
               00368 
0150 0E08      00369     movlw       0x08            ; successful command 8 executed
0152 6EE6      00370     movwf       POSTINC1
0154 0E00      00371     movlw       0x00            ; no data, just ack
0156 6EE6      00372     movwf       POSTINC1
0158 0E08      00373     movlw       0x08            ; hard coded checksum Oo
015A 6EE6      00374     movwf       POSTINC1
               00375 
015C 0012      00376     return
               00377 
015E 00378 boot_verify_nak
               00379     ; there must have been an error in the memory writing, send a NAK
015E 0E02      00380     movlw       0x02
0160 6EE2      00381     movwf       FSR1H
0162 6AE1      00382     clrf        FSR1L
               00383 
               00384     ; going to cheat and use the WRCOUNT as a checksum holder
0164 6A00      00385     clrf        WRCOUNT
               00386 
0166 0E48      00387     movlw       0x48            ; nak for command 8
gpasm-0.13.7 beta               boot.asm    3-18-2010  22:51:14          PAGE  9


LOC  OBJECT CODE     LINE SOURCE TEXT
  VALUE
 
0168 6EE6      00388     movwf       POSTINC1
016A 1A00      00389     xorwf       WRCOUNT,f
016C 0E02      00390     movlw       0x02            ; only the error code to reply with
016E 6EE6      00391     movwf       POSTINC1
0170 1A00      00392     xorwf       WRCOUNT,f
0172 0E00      00393     movlw       0x00
0174 6EE6      00394     movwf       POSTINC1
0176 1A00      00395     xorwf       WRCOUNT,f
0178 0E08      00396     movlw       0x08            ; verification error number
017A 6EE6      00397     movwf       POSTINC1
017C 1A00      00398     xorwf       WRCOUNT,f
017E 5000      00399     movf        WRCOUNT,w
0180 6EE6      00400     movwf       POSTINC1        ; add the checksum
               00401 
0182 0012      00402     return
               00403     
               00404 
               00405 ; == Export These ==============================================================
               00406 
               00407     GLOBAL      boot_init
               00408     GLOBAL      boot_load
               00409     GLOBAL      boot_update
               00410 
gpasm-0.13.7 beta               boot.asm    3-18-2010  22:51:14          PAGE 10


SYMBOL TABLE
  LABEL                             VALUE 

A                                 00000000
ABDEN                             00000000
ABDOVF                            00000007
ACCESS                            00000000
ACKDT                             00000005
ACKEN                             00000004
ACKSTAT                           00000006
ACQT0                             00000003
ACQT1                             00000004
ACQT2                             00000005
ADCON0                            00000FC2
ADCON1                            00000FC1
ADCON2                            00000FC0
ADCS0                             00000000
ADCS1                             00000001
ADCS2                             00000002
ADDEN                             00000003
ADEN                              00000003
ADFM                              00000007
ADIE                              00000006
ADIF                              00000006
ADIP                              00000006
ADON                              00000000
ADRES                             00000FC3
ADRESH                            00000FC4
ADRESL                            00000FC3
AN0                               00000000
AN1                               00000001
AN10                              00000001
AN11                              00000004
AN12                              00000000
AN2                               00000002
AN3                               00000003
AN4                               00000005
AN5                               00000000
AN6                               00000001
AN7                               00000002
AN8                               00000002
AN9                               00000003
BANKED                            00000001
BAUDCON                           00000FB8
BAUDCTL                           00000FB8
BCLIE                             00000003
BCLIF                             00000003
BCLIP                             00000003
BF                                00000000
BGST                              00000005
BOOTWR_FLAGS                      00000001
BOR                               00000000
BRG16                             00000003
BRGH                              00000002
BSR                               00000FE0
C                                 00000000
gpasm-0.13.7 beta               boot.asm    3-18-2010  22:51:14          PAGE 11


LOC  OBJECT CODE     LINE SOURCE TEXT
  VALUE
 
C1INV                             00000004
C1OUT                             00000006
C2INV                             00000005
C2OUT                             00000007
CCP1                              00000002
CCP1CON                           00000FBD
CCP1IE                            00000002
CCP1IF                            00000002
CCP1IP                            00000002
CCP1M0                            00000000
CCP1M1                            00000001
CCP1M2                            00000002
CCP1M3                            00000003
CCP1X                             00000005
CCP1Y                             00000004
CCP2CON                           00000FBA
CCP2IE                            00000000
CCP2IF                            00000000
CCP2IP                            00000000
CCP2M0                            00000000
CCP2M1                            00000001
CCP2M2                            00000002
CCP2M3                            00000003
CCP2X                             00000005
CCP2Y                             00000004
CCP2_PORTB                        00000003
CCP2_PORTC                        00000001
CCPR1                             00000FBE
CCPR1H                            00000FBF
CCPR1L                            00000FBE
CCPR2                             00000FBB
CCPR2H                            00000FBC
CCPR2L                            00000FBB
CFGS                              00000006
CHS0                              00000002
CHS1                              00000003
CHS2                              00000004
CHS3                              00000005
CIS                               00000003
CK                                00000006
CKE                               00000006
CKP                               00000004
CLKI                              00000007
CLKO                              00000006
CM0                               00000000
CM1                               00000001
CM2                               00000002
CMCON                             00000FB4
CMIE                              00000006
CMIF                              00000006
CMIP                              00000006
CREN                              00000004
CS                                00000002
CSRC                              00000007
gpasm-0.13.7 beta               boot.asm    3-18-2010  22:51:14          PAGE 12


LOC  OBJECT CODE     LINE SOURCE TEXT
  VALUE
 
CVR0                              00000000
CVR1                              00000001
CVR2                              00000002
CVR3                              00000003
CVRCON                            00000FB5
CVREF                             00000002
CVREN                             00000007
CVROE                             00000006
CVRR                              00000005
CVRSS                             00000004
D                                 00000005
DC                                00000001
DC1B0                             00000004
DC1B1                             00000005
DC2B0                             00000004
DC2B1                             00000005
DONE                              00000001
DREG                              00000000
D_A                               00000005
ECCP1AS                           00000FB6
ECCPAS0                           00000004
ECCPAS1                           00000005
ECCPAS2                           00000006
ECCPASE                           00000007
EEADR                             00000FA9
EECON1                            00000FA6
EECON2                            00000FA7
EEDATA                            00000FA8
EEIE                              00000004
EEIF                              00000004
EEIP                              00000004
EEPGD                             00000007
FAST                              00000001
FERR                              00000002
FLTS                              00000002
FREE                              00000004
FSR0                              00000000
FSR0H                             00000FEA
FSR0L                             00000FE9
FSR1                              00000001
FSR1H                             00000FE2
FSR1L                             00000FE1
FSR2                              00000002
FSR2H                             00000FDA
FSR2L                             00000FD9
GCEN                              00000007
GIE                               00000007
GIEH                              00000007
GIEL                              00000006
GO                                00000001
GO_DONE                           00000001
HI_ADDR                           00000000
HLVDCON                           00000FD2
HLVDEN                            00000004
gpasm-0.13.7 beta               boot.asm    3-18-2010  22:51:14          PAGE 13


LOC  OBJECT CODE     LINE SOURCE TEXT
  VALUE
 
HLVDIE                            00000002
HLVDIF                            00000002
HLVDIP                            00000002
HLVDL0                            00000000
HLVDL1                            00000001
HLVDL2                            00000002
HLVDL3                            00000003
IBF                               00000007
IBOV                              00000005
IDLEN                             00000007
INDF0                             00000FEF
INDF1                             00000FE7
INDF2                             00000FDF
INT0                              00000000
INT0E                             00000004
INT0F                             00000001
INT0IE                            00000004
INT0IF                            00000001
INT1                              00000001
INT1E                             00000003
INT1F                             00000000
INT1IE                            00000003
INT1IF                            00000000
INT1IP                            00000006
INT1P                             00000006
INT2                              00000002
INT2E                             00000004
INT2F                             00000001
INT2IE                            00000004
INT2IF                            00000001
INT2IP                            00000007
INT2P                             00000007
INTCON                            00000FF2
INTCON2                           00000FF1
INTCON3                           00000FF0
INTEDG0                           00000006
INTEDG1                           00000005
INTEDG2                           00000004
INTSRC                            00000007
IOFS                              00000002
IPEN                              00000007
IPR1                              00000F9F
IPR2                              00000FA2
IRCF0                             00000004
IRCF1                             00000005
IRCF2                             00000006
IRVST                             00000005
IVRST                             00000005
KBI0                              00000004
KBI1                              00000005
KBI2                              00000006
KBI3                              00000007
LATA                              00000F89
LATA0                             00000000
gpasm-0.13.7 beta               boot.asm    3-18-2010  22:51:14          PAGE 14


LOC  OBJECT CODE     LINE SOURCE TEXT
  VALUE
 
LATA1                             00000001
LATA2                             00000002
LATA3                             00000003
LATA4                             00000004
LATA5                             00000005
LATA6                             00000006
LATA7                             00000007
LATB                              00000F8A
LATB0                             00000000
LATB1                             00000001
LATB2                             00000002
LATB3                             00000003
LATB4                             00000004
LATB5                             00000005
LATB6                             00000006
LATB7                             00000007
LATC                              00000F8B
LATC0                             00000000
LATC1                             00000001
LATC2                             00000002
LATC3                             00000003
LATC4                             00000004
LATC5                             00000005
LATC6                             00000006
LATC7                             00000007
LATD                              00000F8C
LATD0                             00000000
LATD1                             00000001
LATD2                             00000002
LATD3                             00000003
LATD4                             00000004
LATD5                             00000005
LATD6                             00000006
LATD7                             00000007
LATE                              00000F8D
LATE0                             00000000
LATE1                             00000001
LATE2                             00000002
LO_ADDR                           00000000
LVDCON                            00000FD2
LVDEN                             00000004
LVDIE                             00000002
LVDIF                             00000002
LVDIN                             00000005
LVDIP                             00000002
LVDL0                             00000000
LVDL1                             00000001
LVDL2                             00000002
LVDL3                             00000003
LVV0                              00000000
LVV1                              00000001
LVV2                              00000002
LVV3                              00000003
MCLR                              00000003
gpasm-0.13.7 beta               boot.asm    3-18-2010  22:51:14          PAGE 15


LOC  OBJECT CODE     LINE SOURCE TEXT
  VALUE
 
N                                 00000004
NOT_A                             00000005
NOT_ADDRESS                       00000005
NOT_BOR                           00000000
NOT_CS                            00000002
NOT_DONE                          00000001
NOT_MCLR                          00000003
NOT_PD                            00000002
NOT_POR                           00000001
NOT_RBPU                          00000007
NOT_RD                            00000000
NOT_RI                            00000004
NOT_SS                            00000005
NOT_T1SYNC                        00000002
NOT_T3SYNC                        00000002
NOT_TO                            00000003
NOT_W                             00000002
NOT_WR                            00000001
NOT_WRITE                         00000002
OBF                               00000006
OERR                              00000001
OSC1                              00000007
OSC2                              00000006
OSCCON                            00000FD3
OSCFIE                            00000007
OSCFIF                            00000007
OSCFIP                            00000007
OSCTUNE                           00000F9B
OSTS                              00000003
OV                                00000003
P                                 00000004
P1B                               00000005
P1C                               00000006
P1D                               00000007
P1M0                              00000006
P1M1                              00000007
PC                                00000FF9
PCFG0                             00000000
PCFG1                             00000001
PCFG2                             00000002
PCFG3                             00000003
PCL                               00000FF9
PCLATH                            00000FFA
PCLATU                            00000FFB
PD                                00000002
PDC0                              00000000
PDC1                              00000001
PDC2                              00000002
PDC3                              00000003
PDC4                              00000004
PDC5                              00000005
PDC6                              00000006
PEIE                              00000006
PEN                               00000002
gpasm-0.13.7 beta               boot.asm    3-18-2010  22:51:14          PAGE 16


LOC  OBJECT CODE     LINE SOURCE TEXT
  VALUE
 
PGC                               00000006
PGD                               00000007
PGM                               00000005
PIE1                              00000F9D
PIE2                              00000FA0
PIR1                              00000F9E
PIR2                              00000FA1
PLLEN                             00000006
PLUSW0                            00000FEB
PLUSW1                            00000FE3
PLUSW2                            00000FDB
POR                               00000001
PORTA                             00000F80
PORTB                             00000F81
PORTC                             00000F82
PORTD                             00000F83
PORTE                             00000F84
POSTDEC0                          00000FED
POSTDEC1                          00000FE5
POSTDEC2                          00000FDD
POSTINC0                          00000FEE
POSTINC1                          00000FE6
POSTINC2                          00000FDE
PR2                               00000FCB
PREINC0                           00000FEC
PREINC1                           00000FE4
PREINC2                           00000FDC
PROD                              00000FF3
PRODH                             00000FF4
PRODL                             00000FF3
PRSEN                             00000007
PSA                               00000003
PSP0                              00000000
PSP1                              00000001
PSP2                              00000002
PSP3                              00000003
PSP4                              00000004
PSP5                              00000005
PSP6                              00000006
PSP7                              00000007
PSPIE                             00000007
PSPIF                             00000007
PSPIP                             00000007
PSPMODE                           00000004
PSSAC0                            00000002
PSSAC1                            00000003
PSSBD0                            00000000
PSSBD1                            00000001
PWM1CON                           00000FB7
P_BUSACK                          00000000
P_BUSRQ                           00000001
P_CLK                             00000002
P_CS                              00000002
P_HI_LAT                          00000005
gpasm-0.13.7 beta               boot.asm    3-18-2010  22:51:14          PAGE 17


LOC  OBJECT CODE     LINE SOURCE TEXT
  VALUE
 
P_IORQ                            00000003
P_MREQ                            00000002
P_RD                              00000000
P_RESET                           00000000
P_RX                              00000007
P_RXF                             00000006
P_SD_CK                           00000003
P_SD_CS                           00000001
P_SD_DI                           00000004
P_SD_DO                           00000005
P_SD_FIND                         00000004
P_SD_PRES                         00000007
P_TX                              00000006
P_TXE                             00000005
P_WAIT                            00000004
P_WR                              00000001
R                                 00000002
RA0                               00000000
RA1                               00000001
RA2                               00000002
RA3                               00000003
RA4                               00000004
RA5                               00000005
RA6                               00000006
RA7                               00000007
RB0                               00000000
RB1                               00000001
RB2                               00000002
RB3                               00000003
RB4                               00000004
RB5                               00000005
RB6                               00000006
RB7                               00000007
RBIE                              00000003
RBIF                              00000000
RBIP                              00000000
RBPU                              00000007
RC0                               00000000
RC1                               00000001
RC2                               00000002
RC3                               00000003
RC4                               00000004
RC5                               00000005
RC6                               00000006
RC7                               00000007
RCEN                              00000003
RCIDL                             00000006
RCIE                              00000005
RCIF                              00000005
RCIP                              00000005
RCMT                              00000006
RCON                              00000FD0
RCREG                             00000FAE
RCSTA                             00000FAB
gpasm-0.13.7 beta               boot.asm    3-18-2010  22:51:14          PAGE 18


LOC  OBJECT CODE     LINE SOURCE TEXT
  VALUE
 
RD                                00000000
RD0                               00000000
RD1                               00000001
RD16                              00000007
RD2                               00000002
RD3                               00000003
RD4                               00000004
RD5                               00000005
RD6                               00000006
RD7                               00000007
RE0                               00000000
RE1                               00000001
RE2                               00000002
RE3                               00000003
RI                                00000004
RSEN                              00000001
RX                                00000007
RX9                               00000006
RX9D                              00000000
RXDTP                             00000005
R_W                               00000002
S                                 00000003
SBOREN                            00000006
SCK                               00000003
SCKP                              00000004
SCL                               00000003
SCS0                              00000000
SCS1                              00000001
SDA                               00000004
SDI                               00000004
SDO                               00000005
SEN                               00000000
SENDB                             00000003
SLAVE_LATB_DEF                    000000C0
SLAVE_TRISB_DEF                   0000001F
SMP                               00000007
SP0                               00000000
SP1                               00000001
SP2                               00000002
SP3                               00000003
SP4                               00000004
SPBRG                             00000FAF
SPBRGH                            00000FB0
SPEN                              00000007
SREN                              00000005
SS                                00000005
SSPADD                            00000FC8
SSPBUF                            00000FC9
SSPCON1                           00000FC6
SSPCON2                           00000FC5
SSPEN                             00000005
SSPIE                             00000003
SSPIF                             00000003
SSPIP                             00000003
gpasm-0.13.7 beta               boot.asm    3-18-2010  22:51:14          PAGE 19


LOC  OBJECT CODE     LINE SOURCE TEXT
  VALUE
 
SSPM0                             00000000
SSPM1                             00000001
SSPM2                             00000002
SSPM3                             00000003
SSPOV                             00000006
SSPSTAT                           00000FC7
STATUS                            00000FD8
STKFUL                            00000007
STKOVF                            00000007
STKPTR                            00000FFC
STKUNF                            00000006
SWDTE                             00000000
SWDTEN                            00000000
SYNC                              00000004
T08BIT                            00000006
T0CKI                             00000004
T0CON                             00000FD5
T0CS                              00000005
T0IE                              00000005
T0IF                              00000002
T0PS0                             00000000
T0PS1                             00000001
T0PS2                             00000002
T0SE                              00000004
T13CKI                            00000000
T1CKI                             00000000
T1CKPS0                           00000004
T1CKPS1                           00000005
T1CON                             00000FCD
T1OSCEN                           00000003
T1OSI                             00000001
T1OSO                             00000000
T1RUN                             00000006
T1SYNC                            00000002
T2CKPS0                           00000000
T2CKPS1                           00000001
T2CON                             00000FCA
T2OUTPS0                          00000003
T2OUTPS1                          00000004
T2OUTPS2                          00000005
T2OUTPS3                          00000006
T3CCP1                            00000003
T3CCP2                            00000006
T3CKPS0                           00000004
T3CKPS1                           00000005
T3CON                             00000FB1
T3SYNC                            00000002
TABLAT                            00000FF5
TBLPTR                            00000FF6
TBLPTRH                           00000FF7
TBLPTRL                           00000FF6
TBLPTRU                           00000FF8
TMR0H                             00000FD7
TMR0IE                            00000005
gpasm-0.13.7 beta               boot.asm    3-18-2010  22:51:14          PAGE 20


LOC  OBJECT CODE     LINE SOURCE TEXT
  VALUE
 
TMR0IF                            00000002
TMR0IP                            00000002
TMR0L                             00000FD6
TMR0ON                            00000007
TMR1CS                            00000001
TMR1H                             00000FCF
TMR1IE                            00000000
TMR1IF                            00000000
TMR1IP                            00000000
TMR1L                             00000FCE
TMR1ON                            00000000
TMR2                              00000FCC
TMR2IE                            00000001
TMR2IF                            00000001
TMR2IP                            00000001
TMR2ON                            00000002
TMR3CS                            00000001
TMR3H                             00000FB3
TMR3IE                            00000001
TMR3IF                            00000001
TMR3IP                            00000001
TMR3L                             00000FB2
TMR3ON                            00000000
TO                                00000003
TOS                               00000FFD
TOSH                              00000FFE
TOSL                              00000FFD
TOSU                              00000FFF
TRISA                             00000F92
TRISA0                            00000000
TRISA1                            00000001
TRISA2                            00000002
TRISA3                            00000003
TRISA4                            00000004
TRISA5                            00000005
TRISA6                            00000006
TRISA7                            00000007
TRISB                             00000F93
TRISB0                            00000000
TRISB1                            00000001
TRISB2                            00000002
TRISB3                            00000003
TRISB4                            00000004
TRISB5                            00000005
TRISB6                            00000006
TRISB7                            00000007
TRISC                             00000F94
TRISC0                            00000000
TRISC1                            00000001
TRISC2                            00000002
TRISC3                            00000003
TRISC4                            00000004
TRISC5                            00000005
TRISC6                            00000006
gpasm-0.13.7 beta               boot.asm    3-18-2010  22:51:14          PAGE 21


LOC  OBJECT CODE     LINE SOURCE TEXT
  VALUE
 
TRISC7                            00000007
TRISD                             00000F95
TRISD0                            00000000
TRISD1                            00000001
TRISD2                            00000002
TRISD3                            00000003
TRISD4                            00000004
TRISD5                            00000005
TRISD6                            00000006
TRISD7                            00000007
TRISE                             00000F96
TRISE0                            00000000
TRISE1                            00000001
TRISE2                            00000002
TRMT                              00000001
TUN0                              00000000
TUN1                              00000001
TUN2                              00000002
TUN3                              00000003
TUN4                              00000004
TX                                00000006
TX9                               00000006
TX9D                              00000000
TXCKP                             00000004
TXEN                              00000005
TXIE                              00000004
TXIF                              00000004
TXIP                              00000004
TXREG                             00000FAD
TXSTA                             00000FAC
UA                                00000001
VCFG0                             00000004
VCFG1                             00000005
VDIRMAG                           00000007
VPP                               00000003
VREFN                             00000002
VREFP                             00000003
W                                 00000000
WCOL                              00000007
WDTCON                            00000FD1
WR                                00000001
WRCOUNT                           00000000
WREG                              00000FE8
WREN                              00000002
WRERR                             00000003
WUE                               00000001
Z                                 00000002
_BOREN_NOSLP_2L                   000000FD
_BOREN_OFF_2L                     000000F9
_BOREN_ON_2L                      000000FB
_BOREN_SBORDIS_2L                 000000FF
_BORV_0_2L                        000000E7
_BORV_1_2L                        000000EF
_BORV_2_2L                        000000F7
gpasm-0.13.7 beta               boot.asm    3-18-2010  22:51:14          PAGE 22


LOC  OBJECT CODE     LINE SOURCE TEXT
  VALUE
 
_BORV_3_2L                        000000FF
_CCP2MX_PORTBE_3H                 000000FE
_CCP2MX_PORTC_3H                  000000FF
_CONFIG1H                         00300001
_CONFIG2H                         00300003
_CONFIG2L                         00300002
_CONFIG3H                         00300005
_CONFIG4L                         00300006
_CONFIG5H                         00300009
_CONFIG5L                         00300008
_CONFIG6H                         0030000B
_CONFIG6L                         0030000A
_CONFIG7H                         0030000D
_CONFIG7L                         0030000C
_CP0_OFF_5L                       000000FF
_CP0_ON_5L                        000000FE
_CP1_OFF_5L                       000000FF
_CP1_ON_5L                        000000FD
_CP2_OFF_5L                       000000FF
_CP2_ON_5L                        000000FB
_CP3_OFF_5L                       000000FF
_CP3_ON_5L                        000000F7
_CPB_OFF_5H                       000000FF
_CPB_ON_5H                        000000BF
_CPD_OFF_5H                       000000FF
_CPD_ON_5H                        0000007F
_DEBUG_OFF_4L                     000000FF
_DEBUG_ON_4L                      0000007F
_DEVID1                           003FFFFE
_DEVID2                           003FFFFF
_EBTR0_OFF_7L                     000000FF
_EBTR0_ON_7L                      000000FE
_EBTR1_OFF_7L                     000000FF
_EBTR1_ON_7L                      000000FD
_EBTR2_OFF_7L                     000000FF
_EBTR2_ON_7L                      000000FB
_EBTR3_OFF_7L                     000000FF
_EBTR3_ON_7L                      000000F7
_EBTRB_OFF_7H                     000000FF
_EBTRB_ON_7H                      000000BF
_FCMEN_OFF_1H                     000000BF
_FCMEN_ON_1H                      000000FF
_IDLOC0                           00200000
_IDLOC1                           00200001
_IDLOC2                           00200002
_IDLOC3                           00200003
_IDLOC4                           00200004
_IDLOC5                           00200005
_IDLOC6                           00200006
_IDLOC7                           00200007
_IESO_OFF_1H                      0000007F
_IESO_ON_1H                       000000FF
_LPT1OSC_OFF_3H                   000000FB
_LPT1OSC_ON_3H                    000000FF
gpasm-0.13.7 beta               boot.asm    3-18-2010  22:51:14          PAGE 23


LOC  OBJECT CODE     LINE SOURCE TEXT
  VALUE
 
_LVP_OFF_4L                       000000FB
_LVP_ON_4L                        000000FF
_MCLRE_OFF_3H                     0000007F
_MCLRE_ON_3H                      000000FF
_OSC_ECIO6_1H                     000000F5
_OSC_EC_1H                        000000F4
_OSC_HSPLL_1H                     000000F6
_OSC_HS_1H                        000000F2
_OSC_INTIO67_1H                   000000F8
_OSC_INTIO7_1H                    000000F9
_OSC_LP_1H                        000000F0
_OSC_RCIO6_1H                     000000F7
_OSC_RC_1H                        000000F3
_OSC_XT_1H                        000000F1
_PBADEN_OFF_3H                    000000FD
_PBADEN_ON_3H                     000000FF
_PWRT_OFF_2L                      000000FF
_PWRT_ON_2L                       000000FE
_STVREN_OFF_4L                    000000FE
_STVREN_ON_4L                     000000FF
_WDTPS_1024_2H                    000000F5
_WDTPS_128_2H                     000000EF
_WDTPS_16384_2H                   000000FD
_WDTPS_16_2H                      000000E9
_WDTPS_1_2H                       000000E1
_WDTPS_2048_2H                    000000F7
_WDTPS_256_2H                     000000F1
_WDTPS_2_2H                       000000E3
_WDTPS_32768_2H                   000000FF
_WDTPS_32_2H                      000000EB
_WDTPS_4096_2H                    000000F9
_WDTPS_4_2H                       000000E5
_WDTPS_512_2H                     000000F3
_WDTPS_64_2H                      000000ED
_WDTPS_8192_2H                    000000FB
_WDTPS_8_2H                       000000E7
_WDT_OFF_2H                       000000FE
_WDT_ON_2H                        000000FF
_WRT0_OFF_6L                      000000FF
_WRT0_ON_6L                       000000FE
_WRT1_OFF_6L                      000000FF
_WRT1_ON_6L                       000000FD
_WRT2_OFF_6L                      000000FF
_WRT2_ON_6L                       000000FB
_WRT3_OFF_6L                      000000FF
_WRT3_ON_6L                       000000F7
_WRTB_OFF_6H                      000000FF
_WRTB_ON_6H                       000000BF
_WRTC_OFF_6H                      000000FF
_WRTC_ON_6H                       000000DF
_WRTD_OFF_6H                      000000FF
_WRTD_ON_6H                       0000007F
_XINST_OFF_4L                     000000BF
_XINST_ON_4L                      000000FF
gpasm-0.13.7 beta               boot.asm    3-18-2010  22:51:14          PAGE 24


LOC  OBJECT CODE     LINE SOURCE TEXT
  VALUE
 
__18F4520                         00000001
boot_init                         00000000
boot_jump_8000                    000000BA
boot_load                         00000084
boot_load_loop                    00000098
boot_update                       000000C0
boot_update_erase                 000000CC
boot_update_second_erase          00000112
boot_update_write                 000000E6
boot_update_write_loop            000000EA
boot_verify                       00000120
boot_verify_loop                  00000138
boot_verify_nak                   0000015E
clock_0                           00000034
clock_1                           00000048
clock_2                           0000005C
clock_3                           00000070
clock_jump_table                  00000024
eeprom_addr                       00000000
eeprom_data                       00000000
eeprom_read                       00000000
ensure_master                     00000000
high_jump                         00000002
low_jump                          00000003
mem_write                         00000000
revert_master                     00000000
DDRA                              TRISA
DDRB                              TRISB
DDRC                              TRISC
DDRD                              TRISD
DDRE                              TRISE


Errors   :       0
Warnings :       0 reported,       0 suppressed
Messages :       0 reported,       0 suppressed

