gpasm-0.13.7 beta               host_bus.asm3-6-2010  22:43:36           PAGE  1


LOC  OBJECT CODE     LINE SOURCE TEXT
  VALUE
 
               00001 ;==============================================================================
               00002 ;    host_bus.asm
               00003 ;==============================================================================
               00004 list p=18f4520
               00005 include <p18f4520.inc>
               00001         LIST
               00002 
               00003 ;==========================================================================
               00004 ;  MPASM PIC18F4520 processor include
               00005 ; 
               00006 ;  (c) Copyright 1999-2007 Microchip Technology, All rights reserved
               00007 ;==========================================================================
               00008 
               01336         LIST
               00006 include <portpins.inc>
               00001 ;== PORT Definitions ==========================================================
               00002 
               00003 ;-- PORT A --------------------------------------------------------------------
               00004 
  00000000     00005 P_RESET         EQU     0
  00000001     00006 P_BUSRQ         EQU     1
  00000002     00007 P_MREQ          EQU     2
  00000003     00008 P_IORQ          EQU     3
  00000004     00009 P_WAIT          EQU     4
  00000005     00010 P_HI_LAT        EQU     5
               00011 
               00012 ;-- PORT C --------------------------------------------------------------------
               00013 
  00000000     00014 P_BUSACK        EQU     0
  00000001     00015 P_SD_CS         EQU     1
  00000002     00016 P_CLK           EQU     2
  00000003     00017 P_SD_CK         EQU     3
  00000004     00018 P_SD_DI         EQU     4
  00000005     00019 P_SD_DO         EQU     5
  00000006     00020 P_TX            EQU     6
  00000007     00021 P_RX            EQU     7
               00022 
               00023 ;-- PORT B ---------------------------------------------------------------------
               00024 
  00000004     00025 P_SD_FIND       EQU     4
  00000005     00026 P_TXE           EQU     5
  00000006     00027 P_RXF           EQU     6
  00000007     00028 P_SD_PRES       EQU     7
               00029 
  000000C0     00030 SLAVE_LATB_DEF EQU     b'11000000'
  0000001F     00031 SLAVE_TRISB_DEF EQU     b'00011111'
               00032 
               00033 ;-- PORT E --------------------------------------------------------------------
               00034 
  00000000     00035 P_RD            EQU     0
  00000001     00036 P_WR            EQU     1
  00000002     00007 
               00008 ; -- Externals From eeprom.asm -------------------------------------------------
               00009 
gpasm-0.13.7 beta               host_bus.asm3-6-2010  22:43:36           PAGE  2


LOC  OBJECT CODE     LINE SOURCE TEXT
  VALUE
 
               00010     EXTERN      eeprom_read
               00011     EXTERN      eeprom_write
               00012 
               00013     EXTERN      eeprom_data
               00014     EXTERN      eeprom_addr
               00015 
               00016 ; -- Externals From sd.asm -----------------------------------------------------
               00017 
               00018     EXTERN      sd_card_cid
               00019     EXTERN      sd_card_csd
               00020     EXTERN      sd_card_read_block
               00021 
               00022     EXTERN      sd_data
               00023 
               00024     UDATA
  00000001     00025 carderr           equ   1
               00026 
               00027 LO_ADDR RES     1
               00028 HI_ADDR RES     1
               00029 DREG    RES     1
               00030 
               00031 MODE            RES     1
               00032 TEMP_MODE       RES     1
               00033 
               00034 low_jump        res     1
               00035 
               00036 slave_latb_temp         res     1
               00037 slave_trisb_temp        res     1
               00038 
               00039 slave_count             res     2
               00040 slaveflags              res     1
               00041 
  00000000     00042 busy                    equ     0
  00000001     00043 rxbytes                 equ     1
  00000002     00044 txbytes                 equ     2
               00045 
               00046     CODE
               00047 
               00048 ;== Z80 Bus interfacing functions =============================================
               00049 
               00050 ;******************************************************************************
               00051 ;*                                                                            *
               00052 ;* ensure_master - if in slave mode acquire DMA control and return.           *
               00053 ;*                 otherwise return immediately.  Note current state.         *
               00054 ;*                                                                            *
               00055 ;* Inputs:  NONE                                                              *
               00056 ;* Outputs: NONE                                                              *
               00057 ;* Called:  set_master                                                        *
               00058 ;* Changes: TEMP_MODE                                                         *
               00059 ;*                                                                            *
               00060 ;******************************************************************************
               00061 
0000 00062 ensure_master
               00063     ; check_mode
gpasm-0.13.7 beta               host_bus.asm3-6-2010  22:43:36           PAGE  3


LOC  OBJECT CODE     LINE SOURCE TEXT
  VALUE
 
0000 5000      00064     movf        MODE,w
0002 6E00      00065     movwf       TEMP_MODE       ; save the mode at the entry to this function
0004 0A00      00066     xorlw       0x00     
0006 E000      00067     bz          ensure_master_not_master
0008 0012      00068     return                      ; already master so just return
000A 00069 ensure_master_not_master
               00070     ; not master need to get DMA mode
000A EC00 F000 00071     call        get_dma
000E 0012      00072     return
               00073 
               00074 ;******************************************************************************
               00075 ;*                                                                            *
               00076 ;* revert_master - set master mode back to the mode in TEMP_MODE              *
               00077 ;*                                                                            *
               00078 ;******************************************************************************
               00079 
0010 00080 revert_master
0010 5000      00081     movf        MODE,w
0012 1800      00082     xorwf       TEMP_MODE,w
0014 E100      00083     bnz         revert_master_needs_change
0016 0012      00084     return              ; MODE and TEMP_MODE matched don't change
0018 00085 revert_master_needs_change
0018 B000      00086     btfsc       TEMP_MODE,0     ; test reset mode bit
001A EF00 F000 00087     goto        revert_master_reset
001E B200      00088     btfsc       TEMP_MODE,1     ; test DMA master mode bit
0020 EF00 F000 00089     goto        revert_master_dma
               00090     ; if neither of those need to switch back to slave
0024 EC00 F000 00091     call        get_slave
0028 0012      00092     return
               00093 
002A 00094 revert_master_reset
002A EC00 F000 00095     call        get_reset       ; assert the reset line
002E 0012      00096     return
               00097 
0030 00098 revert_master_dma
0030 EC00 F000 00099     call        get_dma         ; get DMA control
0034 0012      00100     return
               00101 
               00102 
0036 00103 get_dma
               00104     ; save state of slave registers
0036 CF8A F000 00105     movff       LATB, slave_latb_temp
003A CF93 F000 00106     movff       TRISB, slave_trisb_temp
003E 9289      00107     bcf         LATA,1          ; assert the BUSRQ signal low
0040 00108 get_dma_loop
0040 B082      00109     btfsc       PORTC,0         ; wait for BUSACK to go low
0042 D000      00110     bra         get_dma_loop
0044 0E02      00111     movlw       0x02
0046 6E00      00112     movwf       MODE            ; set mode to DMA master
0048 EC00 F000 00113     call        set_master
004C 0012      00114     return
               00115 
004E 00116 get_reset
004E 9089      00117     bcf         LATA,0          ; pull reset low
gpasm-0.13.7 beta               host_bus.asm3-6-2010  22:43:36           PAGE  4


LOC  OBJECT CODE     LINE SOURCE TEXT
  VALUE
 
               00118 
               00119     ; while waiting for the Z80 M cycle to end, reset the slave device settings
0050 0EC0      00120     movlw       SLAVE_LATB_DEF
0052 6E00      00121     movwf       slave_latb_temp
0054 0E1F      00122     movlw       SLAVE_TRISB_DEF
0056 6E00      00123     movwf       slave_trisb_temp
0058 6A00      00124     clrf        slave_count
005A 6A00      00125     clrf        slave_count+1
005C 6A00      00126     clrf        slaveflags
005E 0000      00127     nop                         ; leave time for the M cycle to finish
0060 0E01      00128     movlw       0x01
0062 6E00      00129     movwf       MODE
0064 EC00 F000 00130     call        set_master
0068 0012      00131     return
               00132 
006A 00133 get_slave
006A 6A00      00134     clrf        MODE            ; set mode to slave
006C EC00 F000 00135     call        set_slave       ; set IO into slave mode
0070 0012      00136     return
               00137 ;******************************************************************************
               00138 ;*                                                                            *
               00139 ;* set_master - configure pins so PIC is master device                        *
               00140 ;*                                                                            *
               00141 ;* Inputs:  NONE                                                              *
               00142 ;* Outputs: NONE                                                              *
               00143 ;* Called:                                                                    *
               00144 ;* Changes: TRISB, TRISE, TRISA                                               *
               00145 ;*                                                                            *
               00146 ;******************************************************************************
               00147 
0072 00148 set_master
               00149     ; set the address pins to output
               00150     ; disable PSP interrupts
0072 9E9D      00151     bcf         PIE1, PSPIE
0074 6A93      00152     clrf        TRISB
0076 0EEC      00153     movlw       b'11101100'     ;RD and WR as output, disable PSP
0078 1696      00154     andwf       TRISE,f
007A 0EFF      00155     movlw       0xFF
007C 6E8D      00156     movwf       LATE            ;set RD and WR High
               00157 
007E 0ED0      00158     movlw       b'11010000'
0080 1692      00159     andwf       TRISA,f
0082 0E3C      00160     movlw       b'00111100'
0084 1289      00161     iorwf       LATA,f
0086 0012      00162     return
               00163 
0088 00164 set_slave
0088 C000 FF8A 00165     movff       slave_latb_temp, LATB
008C C000 FF93 00166     movff       slave_trisb_temp, TRISB
               00167 ;     setf        TRISB
0090 0E17      00168     movlw       b'00010111'     ; PSP mode
0092 1296      00169     iorwf       TRISE, f
0094 6889      00170     setf        LATA            ; all pins in A are high or don't care
0096 0ECC      00171     movlw       b'11001100'     ; MREQ, IORQ input
gpasm-0.13.7 beta               host_bus.asm3-6-2010  22:43:36           PAGE  5


LOC  OBJECT CODE     LINE SOURCE TEXT
  VALUE
 
0098 6E92      00172     movwf       TRISA
               00173 
               00174     ; now enable PSP interrupt
009A 9E9E      00175     bcf         PIR1, PSPIF
009C 8E9D      00176     bsf         PIE1, PSPIE
009E 0012      00177     return
               00178 
               00179 ;******************************************************************************
               00180 ;*                                                                            *
               00181 ;* io_read - Read an address on the IO bus                                    *
               00182 ;*                                                                            *
               00183 ;* Inputs:  HI_ADDR, LO_ADDR                                                  *
               00184 ;* Outputs: DREG                                                              *
               00185 ;* Called:                                                                    *
               00186 ;* Changes:                                                                   *
               00187 ;*                                                                            *
               00188 ;* Asssumes the PIC is in master mode (WAIT in, RD,WR,IORQ,MREQ and ADDR out  *
               00189 ;*                                                                            *
               00190 ;******************************************************************************
               00191 
00A0 00192 io_read
               00193     ; set address
00A0 5000      00194     movf    HI_ADDR,w
00A2 6E8A      00195     movwf   LATB
00A4 9A89      00196     bcf     LATA,P_HI_LAT
00A6 5000      00197     movf    LO_ADDR,w
00A8 8A89      00198     bsf     LATA,P_HI_LAT
00AA 6E8A      00199     movwf   LATB
               00200     ; 200ns delay before IORQ and RD
00AC 0000      00201     nop
00AE 9689      00202     bcf     LATA,P_IORQ
00B0 908D      00203     bcf     LATE,P_RD
00B2 0000      00204     nop
               00205     ; mandatory wait state
00B4 00206 io_read_wait_loop
00B4 A880      00207     btfss   PORTA,P_WAIT
00B6 D000      00208     bra     io_read_wait_loop
               00209     ; store the read data
00B8 5083      00210     movf    PORTD,w
               00211     ;release IORQ and RD
00BA 808D      00212     bsf     LATE,P_RD
00BC 8689      00213     bsf     LATA,P_IORQ
00BE 6E00      00214     movwf   DREG
00C0 0012      00215     return
               00216 
               00217 ;******************************************************************************
               00218 ;*                                                                            *
               00219 ;* io_write - Write an address on the IO bus                                  *
               00220 ;*                                                                            *
               00221 ;* Inputs:  HI_ADDR, LO_ADDR, DREG                                            *
               00222 ;* Outputs: NONE                                                              *
               00223 ;* Called:                                                                    *
               00224 ;* Changes:                                                                   *
               00225 ;*                                                                            *
gpasm-0.13.7 beta               host_bus.asm3-6-2010  22:43:36           PAGE  6


LOC  OBJECT CODE     LINE SOURCE TEXT
  VALUE
 
               00226 ;* Asssumes the PIC is in master mode (WAIT in, RD,WR,IORQ,MREQ and ADDR out  *
               00227 ;*                                                                            *
               00228 ;******************************************************************************
               00229 
00C2 00230 io_write
               00231     ; set address
00C2 5000      00232     movf        HI_ADDR,w
00C4 6E8A      00233     movwf       LATB
00C6 9A89      00234     bcf         LATA,P_HI_LAT
00C8 5000      00235     movf        LO_ADDR,w
00CA 8A89      00236     bsf         LATA,P_HI_LAT
00CC 6E8A      00237     movwf       LATB
               00238     ; 200ns delay before IORQ and RD
00CE 5000      00239     movf        DREG,w          ; write the data to the bus
00D0 6E8C      00240     movwf       LATD
00D2 6A95      00241     clrf        TRISD           ; don't forget to drive the bus for a write!!
00D4 9689      00242     bcf         LATA,P_IORQ
00D6 928D      00243     bcf         LATE,P_WR
00D8 0000      00244     nop
               00245     ; mandatory wait state
00DA 00246 io_write_wait_loop
00DA A880      00247     btfss       PORTA,P_WAIT
00DC D000      00248     bra         io_write_wait_loop
               00249     ;release IORQ and RD
00DE 828D      00250     bsf         LATE,P_WR
00E0 8689      00251     bsf         LATA,P_IORQ
00E2 6895      00252     setf        TRISD           ; stop driving the bus again
00E4 0012      00253     return
               00254 
               00255 ;******************************************************************************
               00256 ;*                                                                            *
               00257 ;* mem_read - Read from an address on the memory bus                          *
               00258 ;*                                                                            *
               00259 ;* Inputs:  HI_ADDR, LO_ADDR                                                  *
               00260 ;* Outputs: DREG                                                              *
               00261 ;* Called:                                                                    *
               00262 ;* Changes:                                                                   *
               00263 ;*                                                                            *
               00264 ;* Asssumes the PIC is in master mode (WAIT in, RD,WR,IORQ,MREQ and ADDR out) *
               00265 ;*                                                                            *
               00266 ;******************************************************************************
               00267 
00E6 00268 mem_read
               00269     ; set address
00E6 5000      00270     movf    HI_ADDR,w
00E8 6E8A      00271     movwf   LATB
00EA 9A89      00272     bcf     LATA,P_HI_LAT
00EC 5000      00273     movf    LO_ADDR,w
00EE 8A89      00274     bsf     LATA,P_HI_LAT
00F0 6E8A      00275     movwf   LATB
00F2 9489      00276     bcf     LATA,P_MREQ
00F4 908D      00277     bcf     LATE,P_RD
00F6 00278 mem_read_wait_loop
00F6 A880      00279     btfss   PORTA,P_WAIT
gpasm-0.13.7 beta               host_bus.asm3-6-2010  22:43:36           PAGE  7


LOC  OBJECT CODE     LINE SOURCE TEXT
  VALUE
 
00F8 D000      00280     bra     mem_read_wait_loop
               00281     ; store the read data
00FA 5083      00282     movf    PORTD,w
               00283     ;release IORQ and RD
00FC 808D      00284     bsf     LATE,P_RD
00FE 8489      00285     bsf     LATA,P_MREQ
0100 6E00      00286     movwf   DREG
0102 0012      00287     return
               00288 
               00289 ;******************************************************************************
               00290 ;*                                                                            *
               00291 ;* mem_write - Write to an address on the memory bus                          *
               00292 ;*                                                                            *
               00293 ;* Inputs:  HI_ADDR, LO_ADDR, DREG                                            *
               00294 ;* Outputs: NONE                                                              *
               00295 ;* Called:                                                                    *
               00296 ;* Changes:                                                                   *
               00297 ;*                                                                            *
               00298 ;* Asssumes the PIC is in master mode (WAIT in, RD,WR,IORQ,MREQ and ADDR out) *
               00299 ;*                                                                            *
               00300 ;******************************************************************************
               00301 
0104 00302 mem_write
               00303     ; set address
0104 5000      00304     movf        HI_ADDR,w
0106 6E8A      00305     movwf       LATB
0108 9A89      00306     bcf         LATA,P_HI_LAT
010A 5000      00307     movf        LO_ADDR,w
010C 8A89      00308     bsf         LATA,P_HI_LAT
010E 6E8A      00309     movwf       LATB
               00310     ; 200ns delay before IORQ and RD
0110 5000      00311     movf        DREG,w          ; write the data to the bus
0112 6E8C      00312     movwf       LATD
0114 6A95      00313     clrf        TRISD           ; don't forget to drive the bus for a write!!
0116 9489      00314     bcf         LATA,P_MREQ
0118 928D      00315     bcf         LATE,P_WR
               00316     ; mandatory wait state
011A 00317 mem_write_wait_loop
011A A880      00318     btfss       PORTA,P_WAIT
011C D000      00319     bra         mem_write_wait_loop
               00320     ;release IORQ and RD
011E 828D      00321     bsf         LATE,P_WR
0120 8489      00322     bsf         LATA,P_MREQ
0122 6895      00323     setf        TRISD           ; stop driving the bus again
0124 0012      00324     return
               00325 
               00326 ; == Slave mode code ===========================================================
               00327 
               00328 ;===============================================================================
               00329 ; slave_int - interrupt generated by the PSP
               00330 ;===============================================================================
               00331 
               00332 ;; This splits into two blocks of code, read and write.
               00333 ;;
gpasm-0.13.7 beta               host_bus.asm3-6-2010  22:43:36           PAGE  8


LOC  OBJECT CODE     LINE SOURCE TEXT
  VALUE
 
               00334 ;; Write: if the Z80 wrote a byte, see if we are expecting bytes (TXE low), if
               00335 ;; so then check if it's the first byte, in this case we need to update the byte
               00336 ;; counters for this command based on the command length.  Otherwise, store the
               00337 ;; byte and check if it was the last.  If it was set the busy flag, and let the
               00338 ;; main-loop command dispatcher prepare a response.
               00339 ;;
               00340 ;; Read: if the Z80 read a byte, look at the state of the response count.  If
               00341 ;; there are any bytes left put the next one in the output latch and set RXF to
               00342 ;; signal more data, otherwise return to "waiting for command" mode.
               00343 
0126 00344 slave_int
               00345     ; what mode are we in?
0126 B000      00346     btfsc       slaveflags, busy
0128 D000      00347     bra         slave_ignore_event      ; don't do anything if busy
012A B400      00348     btfsc       slaveflags, txbytes
012C D000      00349     bra         slave_tx
012E B200      00350     btfsc       slaveflags, rxbytes
0130 D000      00351     bra         slave_rx
               00352     ; if it's none of them, must be idle
0132 BE96      00353     btfsc       TRISE, IBF
0134 D000      00354     bra         slave_rx
               00355 
               00356     ; the Z80 read a byte from the PSP, need to reload it if there's data
0136 00357 slave_tx
               00358     ; check if this was a read event
0136 BE96      00359     btfsc       TRISE, IBF
0138 EF00 F000 00360     goto        slave_ignore_event      ; if it was a write ignore it
013C 8C8A      00361     bsf         LATB, P_RXF             ; nothing to read for a min!!
013E 8400      00362     bsf         slaveflags, txbytes     ; set the txmode flag
0140 EC00 F000 00363     call        slave_check_byte0
0144 0A00      00364     xorlw       0x00
0146 B4D8      00365     btfsc       STATUS, Z
0148 EF00 F000 00366     goto        slave_go_idle           ; go into idle mode
               00367     ; not the last byte just read, so put another in output
014C 50DE      00368     movf        POSTINC2, w             ; get a byte from the fifo
014E 6E83      00369     movwf       PORTD                   ; put it in the output buffer
0150 4E00      00370     dcfsnz      slave_count, f          ; decrement the remaining byte count
0152 0600      00371     decf        slave_count+1, f        ; decrement high byte if low is zero
0154 9C8A      00372     bcf         LATB, P_RXF             ; set the flag to say there's more data
0156 9E9E      00373     bcf         PIR1, PSPIF             ; clear the interrupt flag
0158 0012      00374     return
               00375 
015A 00376 slave_go_idle
015A 9400      00377     bcf         slaveflags, txbytes
015C 9200      00378     bcf         slaveflags, rxbytes
               00379     ; busy can only be cleared in the main loop
015E 9E9E      00380     bcf         PIR1, PSPIF
0160 9A8A      00381     bcf         LATB, P_TXE     ; let the Z80 talk again
0162 0012      00382     return
               00383 
0164 00384 slave_rx
               00385     ; see if this was actually a write
0164 AE96      00386     btfss       TRISE, IBF
0166 D000      00387     bra         slave_ignore_event      ; if it was a read ignore it
gpasm-0.13.7 beta               host_bus.asm3-6-2010  22:43:36           PAGE  9


LOC  OBJECT CODE     LINE SOURCE TEXT
  VALUE
 
               00388     ; set the TXE bit until we're finished processing
0168 8A8A      00389     bsf         LATB, P_TXE
016A B200      00390     btfsc       slaveflags, rxbytes     ; see if we're already in rx mode
016C D000      00391     bra         slave_rx_data
               00392 
               00393     ; if not do setup work
               00394     ; setup the rx register
016E 0E03      00395     movlw       0x03
0170 6EDA      00396     movwf       FSR2H
0172 6AD9      00397     clrf        FSR2L
0174 5083      00398     movf        PORTD, w
0176 6EDE      00399     movwf       POSTINC2
               00400 
               00401     ; this is the first byte so setup the counter etc.
0178 6AF7      00402     clrf        TBLPTRH
017A 44E8      00403     rlncf       WREG, w                 ; 16 bit lookup, multiply 2
017C 0F00      00404     addlw       low slave_command_lengths
               00405 ;     addwf       PORTD, w
017E B0D8      00406     btfsc       STATUS, C
0180 2AF7      00407     incf        TBLPTRH, f
0182 6EF6      00408     movwf       TBLPTRL
0184 0E00      00409     movlw       high slave_command_lengths
0186 26F7      00410     addwf       TBLPTRH, f
0188 6AF8      00411     clrf        TBLPTRU
018A 0009      00412     tblrd*+
018C CFF5 F000 00413     movff       TABLAT, slave_count     ; low byte first
0190 0008      00414     tblrd*
0192 CFF5 F000 00415     movff       TABLAT, slave_count+1   ; then high byte
               00416 
               00417     ; set the rxmode flag
0196 8200      00418     bsf         slaveflags, rxbytes
               00419 
               00420     ; byte is already in buffer, so skip saving again
0198 D000      00421     bra         slave_rx_data_done
               00422 
019A 00423 slave_rx_data
               00424     ; save the actual byte received
019A 5083      00425     movf        PORTD, w
019C 6EDE      00426     movwf       POSTINC2
               00427 
019E 00428 slave_rx_data_done
               00429     ; see if the byte count is down to zero yet
019E EC00 F000 00430     call        slave_check_byte0
01A2 0A00      00431     xorlw       0x00
01A4 E000      00432     bz          slave_start_processing          ; if it's zero process the cmd
               00433     ; it's not zero yet so decrement the counter
01A6 4E00      00434     dcfsnz      slave_count, f
01A8 0600      00435     decf        slave_count+1, f                ; if low byte is zero dec upper
               00436 
01AA 9E9E      00437     bcf         PIR1, PSPIF                     ; clear the interrupt
01AC 9A8A      00438     bcf         LATB, P_TXE                     ; let the Z80 send the next byte
01AE 0012      00439     return
               00440 
01B0 00441 slave_start_processing
gpasm-0.13.7 beta               host_bus.asm3-6-2010  22:43:36           PAGE 10


LOC  OBJECT CODE     LINE SOURCE TEXT
  VALUE
 
               00442     ; got a whole command in the buffer
01B0 9200      00443     bcf         slaveflags, rxbytes
01B2 8000      00444     bsf         slaveflags, busy                ; signal the main process
01B4 9E9E      00445     bcf         PIR1, PSPIF
               00446     ; don't clear either of the talk/listen flags until we're done
01B6 0012      00447     return
               00448 
01B8 00449 slave_ignore_event
               00450     ; it was an event we're not interested in or can't deal with now
               00451     ; just clear the interrupt and get back to work
01B8 9E9E      00452     bcf         PIR1, PSPIF
01BA 0012      00453     return
               00454 
               00455 ;===============================================================================
               00456 ; slave_command_dispatch - if there are any commands waiting to be serviced do
               00457 ;                               them, otherwise return immediately
               00458 ;===============================================================================
               00459 
01BC 00460 slave_command_dispatch
01BC A000      00461     btfss       slaveflags, busy
01BE 0012      00462     return                              ; no commands to deal with
               00463     ; there's a new command to deal with.  First reset the pointer
01C0 0E03      00464     movlw       0x03
01C2 6EDA      00465     movwf       FSR2H
01C4 6AD9      00466     clrf        FSR2L
               00467 
               00468     ; now get the command byte and do a jump
01C6 0E00      00469     movlw       high slave_cmd_table
01C8 6EFA      00470     movwf       PCLATH
01CA 50DF      00471     movf        INDF2, w
01CC 0B3F      00472     andlw       0x3F
01CE 44E8      00473     rlncf       WREG, w
01D0 44E8      00474     rlncf       WREG, w
01D2 0F00      00475     addlw       low slave_cmd_table
01D4 B0D8      00476     btfsc       STATUS,C
01D6 2AFA      00477     incf        PCLATH, f
01D8 6EF9      00478     movwf       PCL
               00479 
               00480 ;===============================================================================
               00481 ; slave_cmd_table - 64 command lookup table for commands from Z80
               00482 ;===============================================================================
               00483 
01DA 00484 slave_cmd_table
01DA EF00 F000 00485     goto        slave_unused_command    ; 0
01DE EF00 F000 00486     goto        slave_unused_command    ; 1
01E2 EF00 F000 00487     goto        slave_unused_command    ; 2
01E6 EF00 F000 00488     goto        slave_unused_command    ; 3
01EA EF00 F000 00489     goto        slave_unused_command    ; 4
01EE EF00 F000 00490     goto        slave_unused_command    ; 5
01F2 EF00 F000 00491     goto        slave_unused_command    ; 6
01F6 EF00 F000 00492     goto        slave_unused_command    ; 7
01FA EF00 F000 00493     goto        slave_unused_command    ; 8
01FE EF00 F000 00494     goto        slave_unused_command    ; 9
0202 EF00 F000 00495     goto        slave_command_read_eeprom    ; 10
gpasm-0.13.7 beta               host_bus.asm3-6-2010  22:43:36           PAGE 11


LOC  OBJECT CODE     LINE SOURCE TEXT
  VALUE
 
0206 EF00 F000 00496     goto        slave_command_write_eeprom    ; 11
020A EF00 F000 00497     goto        slave_unused_command    ; 12
020E EF00 F000 00498     goto        slave_unused_command    ; 13
0212 EF00 F000 00499     goto        slave_unused_command    ; 14
0216 EF00 F000 00500     goto        slave_unused_command    ; 15
021A EF00 F000 00501     goto        slave_unused_command    ; 16
021E EF00 F000 00502     goto        slave_unused_command    ; 17
0222 EF00 F000 00503     goto        slave_unused_command    ; 18
0226 EF00 F000 00504     goto        slave_unused_command    ; 19
022A EF00 F000 00505     goto        slave_unused_command    ; 20
022E EF00 F000 00506     goto        slave_unused_command    ; 21
0232 EF00 F000 00507     goto        slave_unused_command    ; 22
0236 EF00 F000 00508     goto        slave_unused_command    ; 23
023A EF00 F000 00509     goto        slave_unused_command    ; 24
023E EF00 F000 00510     goto        slave_unused_command    ; 25
0242 EF00 F000 00511     goto        slave_unused_command    ; 26
0246 EF00 F000 00512     goto        slave_unused_command    ; 27
024A EF00 F000 00513     goto        slave_unused_command    ; 28
024E EF00 F000 00514     goto        slave_unused_command    ; 29
0252 EF00 F000 00515     goto        slave_unused_command    ; 30
0256 EF00 F000 00516     goto        slave_unused_command    ; 31
025A EF00 F000 00517     goto        slave_command_card_cid    ; 32
025E EF00 F000 00518     goto        slave_command_card_csd    ; 33
0262 EF00 F000 00519     goto        slave_command_read_sector    ; 34
0266 EF00 F000 00520     goto        slave_unused_command    ; 35
026A EF00 F000 00521     goto        slave_unused_command    ; 36
026E EF00 F000 00522     goto        slave_unused_command    ; 37
0272 EF00 F000 00523     goto        slave_unused_command    ; 38
0276 EF00 F000 00524     goto        slave_unused_command    ; 39
027A EF00 F000 00525     goto        slave_unused_command    ; 40
027E EF00 F000 00526     goto        slave_unused_command    ; 41
0282 EF00 F000 00527     goto        slave_unused_command    ; 42
0286 EF00 F000 00528     goto        slave_unused_command    ; 43
028A EF00 F000 00529     goto        slave_unused_command    ; 44
028E EF00 F000 00530     goto        slave_unused_command    ; 45
0292 EF00 F000 00531     goto        slave_unused_command    ; 46
0296 EF00 F000 00532     goto        slave_unused_command    ; 47
029A EF00 F000 00533     goto        slave_unused_command    ; 48
029E EF00 F000 00534     goto        slave_unused_command    ; 49
02A2 EF00 F000 00535     goto        slave_unused_command    ; 50
02A6 EF00 F000 00536     goto        slave_unused_command    ; 51
02AA EF00 F000 00537     goto        slave_unused_command    ; 52
02AE EF00 F000 00538     goto        slave_unused_command    ; 53
02B2 EF00 F000 00539     goto        slave_unused_command    ; 54
02B6 EF00 F000 00540     goto        slave_unused_command    ; 55
02BA EF00 F000 00541     goto        slave_unused_command    ; 56
02BE EF00 F000 00542     goto        slave_unused_command    ; 57
02C2 EF00 F000 00543     goto        slave_unused_command    ; 58
02C6 EF00 F000 00544     goto        slave_unused_command    ; 59
02CA EF00 F000 00545     goto        slave_unused_command    ; 60
02CE EF00 F000 00546     goto        slave_unused_command    ; 61
02D2 EF00 F000 00547     goto        slave_unused_command    ; 62
02D6 EF00 F000 00548     goto        slave_command_reset     ; 63
               00549 
gpasm-0.13.7 beta               host_bus.asm3-6-2010  22:43:36           PAGE 12


LOC  OBJECT CODE     LINE SOURCE TEXT
  VALUE
 
02DA 00550 slave_unused_command
               00551     ; dummy incase a bad command was sent
02DA 9000      00552     bcf         slaveflags, busy
02DC 9400      00553     bcf         slaveflags, txbytes
02DE 9200      00554     bcf         slaveflags, rxbytes
               00555 
               00556     ; let the Z80 write, but not read
02E0 9A8A      00557     bcf         LATB, P_TXE
02E2 8C8A      00558     bsf         LATB, P_RXF
               00559 
               00560     ; in idle mode again, return to main loop
02E4 0012      00561     return
               00562 
02E6 00563 slave_command_write_eeprom
               00564     ; write a byte to the EEPROM non-volatile memory
               00565     ; 3 byte sequence: command, address, data
02E6 2AD9      00566     incf        FSR2L, f                ; ignore the command byte
02E8 CFDE F000 00567     movff       POSTINC2, eeprom_addr
02EC CFDE F000 00568     movff       POSTINC2, eeprom_data
               00569 
02F0 EC00 F000 00570     call        eeprom_write
               00571 
02F4 9000      00572     bcf         slaveflags, busy
02F6 9400      00573     bcf         slaveflags, txbytes
02F8 9200      00574     bcf         slaveflags, rxbytes
               00575 
02FA 8C8A      00576     bsf         LATB, P_RXF
02FC 9A8A      00577     bcf         LATB, P_TXE
02FE 0012      00578     return
               00579 
               00580 ;-------------------------------------------------------------------------------
               00581 ; slave_command_read_eeprom - read a byte from eeprom and return it
               00582 ;-------------------------------------------------------------------------------
0300 00583 slave_command_read_eeprom
               00584     ; read a byte from the NV eeprom memory
               00585     ; two bytes: command, addr
0300 2AD9      00586     incf        FSR2L, f                ; ignore the command
0302 CFDE F000 00587     movff       POSTINC2, eeprom_addr
               00588 
0306 EC00 F000 00589     call        eeprom_read             ; read a byte
               00590 
030A 6E83      00591     movwf       PORTD                   ; put the data in the output buffer
               00592 
030C 6A00      00593     clrf        slave_count
030E 6A00      00594     clrf        slave_count+1           ; this is the last byte
               00595 
0310 9000      00596     bcf         slaveflags, busy
0312 9200      00597     bcf         slaveflags, rxbytes
0314 8400      00598     bsf         slaveflags, txbytes     ; in tx mode ignore all else until read
               00599 
0316 8A8A      00600     bsf         LATB, P_TXE             ; don't write
0318 9C8A      00601     bcf         LATB, P_RXF             ; do read!!
               00602 
031A 0012      00603     return
gpasm-0.13.7 beta               host_bus.asm3-6-2010  22:43:36           PAGE 13


LOC  OBJECT CODE     LINE SOURCE TEXT
  VALUE
 
               00604 
               00605 ;-------------------------------------------------------------------------------
               00606 ; slave_command_read_sector - read a sector from the SD card
               00607 ;-------------------------------------------------------------------------------
031C 00608 slave_command_read_sector
               00609     ; run sd_card_init and respond with the output
031C 2AD9      00610     incf        FSR2L, f        ; ignore the command
031E CFDE F000 00611     movff       POSTINC2, sd_data
0322 CFDE F000 00612     movff       POSTINC2, sd_data+1
0326 CFDE F000 00613     movff       POSTINC2, sd_data+2
032A CFDE F000 00614     movff       POSTINC2, sd_data+3     ; select the block
               00615 
032E 0E03      00616     movlw       0x03
0330 6EDA      00617     movwf       FSR2H
0332 6AD9      00618     clrf        FSR2L
               00619 
               00620     ; set first byte to okay, changed on error
0334 0E4F      00621     movlw       'O'
0336 6EDE      00622     movwf       POSTINC2
               00623 
0338 EC00 F000 00624     call        sd_card_read_block
               00625 
               00626     ; response is always 515 bytes - ack, 512 data, 2 crc
033C 0E03      00627     movlw       0x03
033E 6E00      00628     movwf       slave_count+1
0340 0E03      00629     movlw       0x03
0342 6E00      00630     movwf       slave_count
               00631 
0344 6AD9      00632     clrf        FSR2L
0346 0E03      00633     movlw       0x03
0348 6EDA      00634     movwf       FSR2H
034A 50DE      00635     movf        POSTINC2, w
034C 6E83      00636     movwf       PORTD
034E 0600      00637     decf        slave_count, f
               00638 
0350 9000      00639     bcf         slaveflags, busy
0352 9200      00640     bcf         slaveflags, rxbytes
0354 8400      00641     bsf         slaveflags, txbytes
               00642 
0356 9C8A      00643     bcf         LATB, P_RXF
0358 8A8A      00644     bsf         LATB, P_TXE
               00645 
035A 0012      00646     return
               00647 
               00648 ;-------------------------------------------------------------------------------
               00649 ; slave_command_card_cid - get the CID data from the attached SD card
               00650 ;-------------------------------------------------------------------------------
035C 00651 slave_command_card_cid
035C 0E03      00652     movlw       0x03
035E 6EDA      00653     movwf       FSR2H
0360 6AD9      00654     clrf        FSR2L
               00655 
               00656     ; set first byte of response to O for okay, overwritten by error routines
0362 0E4F      00657     movlw       'O'
gpasm-0.13.7 beta               host_bus.asm3-6-2010  22:43:36           PAGE 14


LOC  OBJECT CODE     LINE SOURCE TEXT
  VALUE
 
0364 6EDE      00658     movwf       POSTINC2
0366 EC00 F000 00659     call        sd_card_cid
               00660 
               00661 
               00662     ; Z80 expects this number of bytes
036A 0E11      00663     movlw       0x11
036C 6E00      00664     movwf       slave_count
036E 0E01      00665     movlw       0x01
0370 6E00      00666     movwf       slave_count+1
               00667 
0372 6AD9      00668     clrf        FSR2L
0374 50DE      00669     movf        POSTINC2, w
0376 6E83      00670     movwf       PORTD
0378 0600      00671     decf        slave_count, f
               00672 
037A 9000      00673     bcf         slaveflags, busy
037C 9200      00674     bcf         slaveflags, rxbytes
037E 8400      00675     bsf         slaveflags, txbytes
               00676 
0380 9C8A      00677     bcf         LATB, P_RXF
0382 8A8A      00678     bsf         LATB, P_TXE
               00679 
0384 0012      00680     return
               00681 
               00682 ;-------------------------------------------------------------------------------
               00683 ; slave_command_card_csd - get the CSD data from the attached SD card
               00684 ;-------------------------------------------------------------------------------
0386 00685 slave_command_card_csd
0386 0E03      00686     movlw       0x03
0388 6EDA      00687     movwf       FSR2H
038A 6AD9      00688     clrf        FSR2L
               00689 
               00690     ; put O at the start of the response.  This gets overwritten by errors
038C 0E4F      00691     movlw       'O'
038E 6EDE      00692     movwf       POSTINC2
0390 EC00 F000 00693     call        sd_card_csd
               00694 
               00695     ; whatever happens the data we return must be 17 bytes
0394 0E11      00696     movlw       0x11
0396 6E00      00697     movwf       slave_count
0398 0E01      00698     movlw       0x01
039A 6E00      00699     movwf       slave_count+1
               00700 
039C 6AD9      00701     clrf        FSR2L
039E 50DE      00702     movf        POSTINC2, w
03A0 6E83      00703     movwf       PORTD
03A2 0600      00704     decf        slave_count, f
               00705 
03A4 9000      00706     bcf         slaveflags, busy
03A6 9200      00707     bcf         slaveflags, rxbytes
03A8 8400      00708     bsf         slaveflags, txbytes
               00709 
03AA 9C8A      00710     bcf         LATB, P_RXF
03AC 8A8A      00711     bsf         LATB, P_TXE
gpasm-0.13.7 beta               host_bus.asm3-6-2010  22:43:36           PAGE 15


LOC  OBJECT CODE     LINE SOURCE TEXT
  VALUE
 
               00712 
03AE 0012      00713     return
               00714 
03B0 00715 slave_command_reset
               00716     ; reset the whole system
03B0 00FF      00717     reset
               00718 
               00719 ;-------------------------------------------------------------------------------
               00720 ; slave_check_byte0 - returns 0 in w if the current byte number is zero
               00721 ;-------------------------------------------------------------------------------
03B2 00722 slave_check_byte0
03B2 5000      00723     movf        slave_count+1, w
03B4 0A00      00724     xorlw       0x00
03B6 A4D8      00725     btfss       STATUS,Z
03B8 0CFF      00726     retlw       0xff
03BA 5000      00727     movf        slave_count, w
03BC 0A00      00728     xorlw       0x00
03BE A4D8      00729     btfss       STATUS, Z
03C0 0CFF      00730     retlw       0xff
03C2 0C00      00731     retlw       0x00
               00732 
03C4 00733 slave_command_lengths
03C4 0000      00734     db          0x00, 0x00                      ;  0 (0x00): none
03C6 0000      00735     db          0x00, 0x00                      ;  1 (0x01): none
03C8 0000      00736     db          0x00, 0x00                      ;  2 (0x02): none
03CA 0000      00737     db          0x00, 0x00                      ;  3 (0x03): none
03CC 0000      00738     db          0x00, 0x00                      ;  4 (0x04): none
03CE 0000      00739     db          0x00, 0x00                      ;  5 (0x05): none
03D0 0000      00740     db          0x00, 0x00                      ;  6 (0x06): none
03D2 0000      00741     db          0x00, 0x00                      ;  7 (0x07): none
03D4 0000      00742     db          0x00, 0x00                      ;  8 (0x08): none
03D6 0000      00743     db          0x00, 0x00                      ;  9 (0x09): none
03D8 0101      00744     db          0x01, 0x01                      ; 10 (0x0A): read eeprom 1: addr
03DA 0102      00745     db          0x02, 0x01                      ; 11 (0x0B): write eeprom 2: addr, data
03DC 0000      00746     db          0x00, 0x00                      ; 12 (0x0C): none
03DE 0000      00747     db          0x00, 0x00                      ; 13 (0x0D): none
03E0 0000      00748     db          0x00, 0x00                      ; 14 (0x0E): none
03E2 0000      00749     db          0x00, 0x00                      ; 15 (0x0F): none
03E4 0000      00750     db          0x00, 0x00                      ; 16 (0x10): none
03E6 0000      00751     db          0x00, 0x00                      ; 17 (0x11): none
03E8 0000      00752     db          0x00, 0x00                      ; 18 (0x12): none
03EA 0000      00753     db          0x00, 0x00                      ; 19 (0x13): none
03EC 0000      00754     db          0x00, 0x00                      ; 20 (0x14): none
03EE 0000      00755     db          0x00, 0x00                      ; 21 (0x15): none
03F0 0000      00756     db          0x00, 0x00                      ; 22 (0x16): none
03F2 0000      00757     db          0x00, 0x00                      ; 23 (0x17): none
03F4 0000      00758     db          0x00, 0x00                      ; 24 (0x18): none
03F6 0000      00759     db          0x00, 0x00                      ; 25 (0x19): none
03F8 0000      00760     db          0x00, 0x00                      ; 26 (0x1A): none
03FA 0000      00761     db          0x00, 0x00                      ; 27 (0x1B): none
03FC 0000      00762     db          0x00, 0x00                      ; 28 (0x1C): none
03FE 0000      00763     db          0x00, 0x00                      ; 29 (0x1D): none
0400 0000      00764     db          0x00, 0x00                      ; 30 (0x1E): none
0402 0000      00765     db          0x00, 0x00                      ; 31 (0x1F): none
gpasm-0.13.7 beta               host_bus.asm3-6-2010  22:43:36           PAGE 16


LOC  OBJECT CODE     LINE SOURCE TEXT
  VALUE
 
0404 0000      00766     db          0x00, 0x00                      ; 32 (0x20): sd_card_cid, no data
0406 0000      00767     db          0x00, 0x00                      ; 33 (0x21): sd_card_csd, no data
0408 0104      00768     db          0x04, 0x01                      ; 34 (0x22): sd_card_read_block 4: addr
040A 0000      00769     db          0x00, 0x00                      ; 35 (0x23): none
040C 0000      00770     db          0x00, 0x00                      ; 36 (0x24): none
040E 0000      00771     db          0x00, 0x00                      ; 37 (0x25): none
0410 0000      00772     db          0x00, 0x00                      ; 38 (0x26): none
0412 0000      00773     db          0x00, 0x00                      ; 39 (0x27): none
0414 0000      00774     db          0x00, 0x00                      ; 40 (0x28): none
0416 0000      00775     db          0x00, 0x00                      ; 41 (0x29): none
0418 0000      00776     db          0x00, 0x00                      ; 42 (0x2A): none
041A 0000      00777     db          0x00, 0x00                      ; 43 (0x2B): none
041C 0000      00778     db          0x00, 0x00                      ; 44 (0x2C): none
041E 0000      00779     db          0x00, 0x00                      ; 45 (0x2D): none
0420 0000      00780     db          0x00, 0x00                      ; 46 (0x2E): none
0422 0000      00781     db          0x00, 0x00                      ; 47 (0x2F): none
0424 0000      00782     db          0x00, 0x00                      ; 48 (0x30): none
0426 0000      00783     db          0x00, 0x00                      ; 49 (0x31): none
0428 0000      00784     db          0x00, 0x00                      ; 50 (0x32): none
042A 0000      00785     db          0x00, 0x00                      ; 51 (0x33): none
042C 0000      00786     db          0x00, 0x00                      ; 52 (0x34): none
042E 0000      00787     db          0x00, 0x00                      ; 53 (0x35): none
0430 0000      00788     db          0x00, 0x00                      ; 54 (0x36): none
0432 0000      00789     db          0x00, 0x00                      ; 55 (0x37): none
0434 0000      00790     db          0x00, 0x00                      ; 56 (0x38): none
0436 0000      00791     db          0x00, 0x00                      ; 57 (0x39): none
0438 0000      00792     db          0x00, 0x00                      ; 58 (0x3A): none
043A 0000      00793     db          0x00, 0x00                      ; 59 (0x3B): none
043C 0000      00794     db          0x00, 0x00                      ; 60 (0x3C): none
043E 0000      00795     db          0x00, 0x00                      ; 61 (0x3D): none
0440 0000      00796     db          0x00, 0x00                      ; 62 (0x3E): none
0442 0000      00797     db          0x00, 0x00                      ; 63 (0x3F): reset, no data
               00798 ; == Export these refs =========================================================
               00799 
               00800     GLOBAL      HI_ADDR
               00801     GLOBAL      LO_ADDR
               00802     GLOBAL      DREG
               00803 
               00804     GLOBAL      get_reset
               00805     GLOBAL      get_dma
               00806     GLOBAL      get_slave
               00807     GLOBAL      ensure_master
               00808     GLOBAL      revert_master
               00809     GLOBAL      io_read
               00810     GLOBAL      io_write
               00811     GLOBAL      mem_read
               00812     GLOBAL      mem_write
               00813     GLOBAL      slave_int
               00814     GLOBAL      slave_command_dispatch
               00815     GLOBAL      slave_count
gpasm-0.13.7 beta               host_bus.asm3-6-2010  22:43:36           PAGE 17


SYMBOL TABLE
  LABEL                             VALUE 

A                                 00000000
ABDEN                             00000000
ABDOVF                            00000007
ACCESS                            00000000
ACKDT                             00000005
ACKEN                             00000004
ACKSTAT                           00000006
ACQT0                             00000003
ACQT1                             00000004
ACQT2                             00000005
ADCON0                            00000FC2
ADCON1                            00000FC1
ADCON2                            00000FC0
ADCS0                             00000000
ADCS1                             00000001
ADCS2                             00000002
ADDEN                             00000003
ADEN                              00000003
ADFM                              00000007
ADIE                              00000006
ADIF                              00000006
ADIP                              00000006
ADON                              00000000
ADRES                             00000FC3
ADRESH                            00000FC4
ADRESL                            00000FC3
AN0                               00000000
AN1                               00000001
AN10                              00000001
AN11                              00000004
AN12                              00000000
AN2                               00000002
AN3                               00000003
AN4                               00000005
AN5                               00000000
AN6                               00000001
AN7                               00000002
AN8                               00000002
AN9                               00000003
BANKED                            00000001
BAUDCON                           00000FB8
BAUDCTL                           00000FB8
BCLIE                             00000003
BCLIF                             00000003
BCLIP                             00000003
BF                                00000000
BGST                              00000005
BOR                               00000000
BRG16                             00000003
BRGH                              00000002
BSR                               00000FE0
C                                 00000000
C1INV                             00000004
gpasm-0.13.7 beta               host_bus.asm3-6-2010  22:43:36           PAGE 18


LOC  OBJECT CODE     LINE SOURCE TEXT
  VALUE
 
C1OUT                             00000006
C2INV                             00000005
C2OUT                             00000007
CCP1                              00000002
CCP1CON                           00000FBD
CCP1IE                            00000002
CCP1IF                            00000002
CCP1IP                            00000002
CCP1M0                            00000000
CCP1M1                            00000001
CCP1M2                            00000002
CCP1M3                            00000003
CCP1X                             00000005
CCP1Y                             00000004
CCP2CON                           00000FBA
CCP2IE                            00000000
CCP2IF                            00000000
CCP2IP                            00000000
CCP2M0                            00000000
CCP2M1                            00000001
CCP2M2                            00000002
CCP2M3                            00000003
CCP2X                             00000005
CCP2Y                             00000004
CCP2_PORTB                        00000003
CCP2_PORTC                        00000001
CCPR1                             00000FBE
CCPR1H                            00000FBF
CCPR1L                            00000FBE
CCPR2                             00000FBB
CCPR2H                            00000FBC
CCPR2L                            00000FBB
CFGS                              00000006
CHS0                              00000002
CHS1                              00000003
CHS2                              00000004
CHS3                              00000005
CIS                               00000003
CK                                00000006
CKE                               00000006
CKP                               00000004
CLKI                              00000007
CLKO                              00000006
CM0                               00000000
CM1                               00000001
CM2                               00000002
CMCON                             00000FB4
CMIE                              00000006
CMIF                              00000006
CMIP                              00000006
CREN                              00000004
CS                                00000002
CSRC                              00000007
CVR0                              00000000
gpasm-0.13.7 beta               host_bus.asm3-6-2010  22:43:36           PAGE 19


LOC  OBJECT CODE     LINE SOURCE TEXT
  VALUE
 
CVR1                              00000001
CVR2                              00000002
CVR3                              00000003
CVRCON                            00000FB5
CVREF                             00000002
CVREN                             00000007
CVROE                             00000006
CVRR                              00000005
CVRSS                             00000004
D                                 00000005
DC                                00000001
DC1B0                             00000004
DC1B1                             00000005
DC2B0                             00000004
DC2B1                             00000005
DONE                              00000001
DREG                              00000002
D_A                               00000005
ECCP1AS                           00000FB6
ECCPAS0                           00000004
ECCPAS1                           00000005
ECCPAS2                           00000006
ECCPASE                           00000007
EEADR                             00000FA9
EECON1                            00000FA6
EECON2                            00000FA7
EEDATA                            00000FA8
EEIE                              00000004
EEIF                              00000004
EEIP                              00000004
EEPGD                             00000007
FAST                              00000001
FERR                              00000002
FLTS                              00000002
FREE                              00000004
FSR0                              00000000
FSR0H                             00000FEA
FSR0L                             00000FE9
FSR1                              00000001
FSR1H                             00000FE2
FSR1L                             00000FE1
FSR2                              00000002
FSR2H                             00000FDA
FSR2L                             00000FD9
GCEN                              00000007
GIE                               00000007
GIEH                              00000007
GIEL                              00000006
GO                                00000001
GO_DONE                           00000001
HI_ADDR                           00000001
HLVDCON                           00000FD2
HLVDEN                            00000004
HLVDIE                            00000002
gpasm-0.13.7 beta               host_bus.asm3-6-2010  22:43:36           PAGE 20


LOC  OBJECT CODE     LINE SOURCE TEXT
  VALUE
 
HLVDIF                            00000002
HLVDIP                            00000002
HLVDL0                            00000000
HLVDL1                            00000001
HLVDL2                            00000002
HLVDL3                            00000003
IBF                               00000007
IBOV                              00000005
IDLEN                             00000007
INDF0                             00000FEF
INDF1                             00000FE7
INDF2                             00000FDF
INT0                              00000000
INT0E                             00000004
INT0F                             00000001
INT0IE                            00000004
INT0IF                            00000001
INT1                              00000001
INT1E                             00000003
INT1F                             00000000
INT1IE                            00000003
INT1IF                            00000000
INT1IP                            00000006
INT1P                             00000006
INT2                              00000002
INT2E                             00000004
INT2F                             00000001
INT2IE                            00000004
INT2IF                            00000001
INT2IP                            00000007
INT2P                             00000007
INTCON                            00000FF2
INTCON2                           00000FF1
INTCON3                           00000FF0
INTEDG0                           00000006
INTEDG1                           00000005
INTEDG2                           00000004
INTSRC                            00000007
IOFS                              00000002
IPEN                              00000007
IPR1                              00000F9F
IPR2                              00000FA2
IRCF0                             00000004
IRCF1                             00000005
IRCF2                             00000006
IRVST                             00000005
IVRST                             00000005
KBI0                              00000004
KBI1                              00000005
KBI2                              00000006
KBI3                              00000007
LATA                              00000F89
LATA0                             00000000
LATA1                             00000001
gpasm-0.13.7 beta               host_bus.asm3-6-2010  22:43:36           PAGE 21


LOC  OBJECT CODE     LINE SOURCE TEXT
  VALUE
 
LATA2                             00000002
LATA3                             00000003
LATA4                             00000004
LATA5                             00000005
LATA6                             00000006
LATA7                             00000007
LATB                              00000F8A
LATB0                             00000000
LATB1                             00000001
LATB2                             00000002
LATB3                             00000003
LATB4                             00000004
LATB5                             00000005
LATB6                             00000006
LATB7                             00000007
LATC                              00000F8B
LATC0                             00000000
LATC1                             00000001
LATC2                             00000002
LATC3                             00000003
LATC4                             00000004
LATC5                             00000005
LATC6                             00000006
LATC7                             00000007
LATD                              00000F8C
LATD0                             00000000
LATD1                             00000001
LATD2                             00000002
LATD3                             00000003
LATD4                             00000004
LATD5                             00000005
LATD6                             00000006
LATD7                             00000007
LATE                              00000F8D
LATE0                             00000000
LATE1                             00000001
LATE2                             00000002
LO_ADDR                           00000000
LVDCON                            00000FD2
LVDEN                             00000004
LVDIE                             00000002
LVDIF                             00000002
LVDIN                             00000005
LVDIP                             00000002
LVDL0                             00000000
LVDL1                             00000001
LVDL2                             00000002
LVDL3                             00000003
LVV0                              00000000
LVV1                              00000001
LVV2                              00000002
LVV3                              00000003
MCLR                              00000003
MODE                              00000003
gpasm-0.13.7 beta               host_bus.asm3-6-2010  22:43:36           PAGE 22


LOC  OBJECT CODE     LINE SOURCE TEXT
  VALUE
 
N                                 00000004
NOT_A                             00000005
NOT_ADDRESS                       00000005
NOT_BOR                           00000000
NOT_CS                            00000002
NOT_DONE                          00000001
NOT_MCLR                          00000003
NOT_PD                            00000002
NOT_POR                           00000001
NOT_RBPU                          00000007
NOT_RD                            00000000
NOT_RI                            00000004
NOT_SS                            00000005
NOT_T1SYNC                        00000002
NOT_T3SYNC                        00000002
NOT_TO                            00000003
NOT_W                             00000002
NOT_WR                            00000001
NOT_WRITE                         00000002
OBF                               00000006
OERR                              00000001
OSC1                              00000007
OSC2                              00000006
OSCCON                            00000FD3
OSCFIE                            00000007
OSCFIF                            00000007
OSCFIP                            00000007
OSCTUNE                           00000F9B
OSTS                              00000003
OV                                00000003
P                                 00000004
P1B                               00000005
P1C                               00000006
P1D                               00000007
P1M0                              00000006
P1M1                              00000007
PC                                00000FF9
PCFG0                             00000000
PCFG1                             00000001
PCFG2                             00000002
PCFG3                             00000003
PCL                               00000FF9
PCLATH                            00000FFA
PCLATU                            00000FFB
PD                                00000002
PDC0                              00000000
PDC1                              00000001
PDC2                              00000002
PDC3                              00000003
PDC4                              00000004
PDC5                              00000005
PDC6                              00000006
PEIE                              00000006
PEN                               00000002
gpasm-0.13.7 beta               host_bus.asm3-6-2010  22:43:36           PAGE 23


LOC  OBJECT CODE     LINE SOURCE TEXT
  VALUE
 
PGC                               00000006
PGD                               00000007
PGM                               00000005
PIE1                              00000F9D
PIE2                              00000FA0
PIR1                              00000F9E
PIR2                              00000FA1
PLLEN                             00000006
PLUSW0                            00000FEB
PLUSW1                            00000FE3
PLUSW2                            00000FDB
POR                               00000001
PORTA                             00000F80
PORTB                             00000F81
PORTC                             00000F82
PORTD                             00000F83
PORTE                             00000F84
POSTDEC0                          00000FED
POSTDEC1                          00000FE5
POSTDEC2                          00000FDD
POSTINC0                          00000FEE
POSTINC1                          00000FE6
POSTINC2                          00000FDE
PR2                               00000FCB
PREINC0                           00000FEC
PREINC1                           00000FE4
PREINC2                           00000FDC
PROD                              00000FF3
PRODH                             00000FF4
PRODL                             00000FF3
PRSEN                             00000007
PSA                               00000003
PSP0                              00000000
PSP1                              00000001
PSP2                              00000002
PSP3                              00000003
PSP4                              00000004
PSP5                              00000005
PSP6                              00000006
PSP7                              00000007
PSPIE                             00000007
PSPIF                             00000007
PSPIP                             00000007
PSPMODE                           00000004
PSSAC0                            00000002
PSSAC1                            00000003
PSSBD0                            00000000
PSSBD1                            00000001
PWM1CON                           00000FB7
P_BUSACK                          00000000
P_BUSRQ                           00000001
P_CLK                             00000002
P_CS                              00000002
P_HI_LAT                          00000005
gpasm-0.13.7 beta               host_bus.asm3-6-2010  22:43:36           PAGE 24


LOC  OBJECT CODE     LINE SOURCE TEXT
  VALUE
 
P_IORQ                            00000003
P_MREQ                            00000002
P_RD                              00000000
P_RESET                           00000000
P_RX                              00000007
P_RXF                             00000006
P_SD_CK                           00000003
P_SD_CS                           00000001
P_SD_DI                           00000004
P_SD_DO                           00000005
P_SD_FIND                         00000004
P_SD_PRES                         00000007
P_TX                              00000006
P_TXE                             00000005
P_WAIT                            00000004
P_WR                              00000001
R                                 00000002
RA0                               00000000
RA1                               00000001
RA2                               00000002
RA3                               00000003
RA4                               00000004
RA5                               00000005
RA6                               00000006
RA7                               00000007
RB0                               00000000
RB1                               00000001
RB2                               00000002
RB3                               00000003
RB4                               00000004
RB5                               00000005
RB6                               00000006
RB7                               00000007
RBIE                              00000003
RBIF                              00000000
RBIP                              00000000
RBPU                              00000007
RC0                               00000000
RC1                               00000001
RC2                               00000002
RC3                               00000003
RC4                               00000004
RC5                               00000005
RC6                               00000006
RC7                               00000007
RCEN                              00000003
RCIDL                             00000006
RCIE                              00000005
RCIF                              00000005
RCIP                              00000005
RCMT                              00000006
RCON                              00000FD0
RCREG                             00000FAE
RCSTA                             00000FAB
gpasm-0.13.7 beta               host_bus.asm3-6-2010  22:43:36           PAGE 25


LOC  OBJECT CODE     LINE SOURCE TEXT
  VALUE
 
RD                                00000000
RD0                               00000000
RD1                               00000001
RD16                              00000007
RD2                               00000002
RD3                               00000003
RD4                               00000004
RD5                               00000005
RD6                               00000006
RD7                               00000007
RE0                               00000000
RE1                               00000001
RE2                               00000002
RE3                               00000003
RI                                00000004
RSEN                              00000001
RX                                00000007
RX9                               00000006
RX9D                              00000000
RXDTP                             00000005
R_W                               00000002
S                                 00000003
SBOREN                            00000006
SCK                               00000003
SCKP                              00000004
SCL                               00000003
SCS0                              00000000
SCS1                              00000001
SDA                               00000004
SDI                               00000004
SDO                               00000005
SEN                               00000000
SENDB                             00000003
SLAVE_LATB_DEF                    000000C0
SLAVE_TRISB_DEF                   0000001F
SMP                               00000007
SP0                               00000000
SP1                               00000001
SP2                               00000002
SP3                               00000003
SP4                               00000004
SPBRG                             00000FAF
SPBRGH                            00000FB0
SPEN                              00000007
SREN                              00000005
SS                                00000005
SSPADD                            00000FC8
SSPBUF                            00000FC9
SSPCON1                           00000FC6
SSPCON2                           00000FC5
SSPEN                             00000005
SSPIE                             00000003
SSPIF                             00000003
SSPIP                             00000003
gpasm-0.13.7 beta               host_bus.asm3-6-2010  22:43:36           PAGE 26


LOC  OBJECT CODE     LINE SOURCE TEXT
  VALUE
 
SSPM0                             00000000
SSPM1                             00000001
SSPM2                             00000002
SSPM3                             00000003
SSPOV                             00000006
SSPSTAT                           00000FC7
STATUS                            00000FD8
STKFUL                            00000007
STKOVF                            00000007
STKPTR                            00000FFC
STKUNF                            00000006
SWDTE                             00000000
SWDTEN                            00000000
SYNC                              00000004
T08BIT                            00000006
T0CKI                             00000004
T0CON                             00000FD5
T0CS                              00000005
T0IE                              00000005
T0IF                              00000002
T0PS0                             00000000
T0PS1                             00000001
T0PS2                             00000002
T0SE                              00000004
T13CKI                            00000000
T1CKI                             00000000
T1CKPS0                           00000004
T1CKPS1                           00000005
T1CON                             00000FCD
T1OSCEN                           00000003
T1OSI                             00000001
T1OSO                             00000000
T1RUN                             00000006
T1SYNC                            00000002
T2CKPS0                           00000000
T2CKPS1                           00000001
T2CON                             00000FCA
T2OUTPS0                          00000003
T2OUTPS1                          00000004
T2OUTPS2                          00000005
T2OUTPS3                          00000006
T3CCP1                            00000003
T3CCP2                            00000006
T3CKPS0                           00000004
T3CKPS1                           00000005
T3CON                             00000FB1
T3SYNC                            00000002
TABLAT                            00000FF5
TBLPTR                            00000FF6
TBLPTRH                           00000FF7
TBLPTRL                           00000FF6
TBLPTRU                           00000FF8
TEMP_MODE                         00000004
TMR0H                             00000FD7
gpasm-0.13.7 beta               host_bus.asm3-6-2010  22:43:36           PAGE 27


LOC  OBJECT CODE     LINE SOURCE TEXT
  VALUE
 
TMR0IE                            00000005
TMR0IF                            00000002
TMR0IP                            00000002
TMR0L                             00000FD6
TMR0ON                            00000007
TMR1CS                            00000001
TMR1H                             00000FCF
TMR1IE                            00000000
TMR1IF                            00000000
TMR1IP                            00000000
TMR1L                             00000FCE
TMR1ON                            00000000
TMR2                              00000FCC
TMR2IE                            00000001
TMR2IF                            00000001
TMR2IP                            00000001
TMR2ON                            00000002
TMR3CS                            00000001
TMR3H                             00000FB3
TMR3IE                            00000001
TMR3IF                            00000001
TMR3IP                            00000001
TMR3L                             00000FB2
TMR3ON                            00000000
TO                                00000003
TOS                               00000FFD
TOSH                              00000FFE
TOSL                              00000FFD
TOSU                              00000FFF
TRISA                             00000F92
TRISA0                            00000000
TRISA1                            00000001
TRISA2                            00000002
TRISA3                            00000003
TRISA4                            00000004
TRISA5                            00000005
TRISA6                            00000006
TRISA7                            00000007
TRISB                             00000F93
TRISB0                            00000000
TRISB1                            00000001
TRISB2                            00000002
TRISB3                            00000003
TRISB4                            00000004
TRISB5                            00000005
TRISB6                            00000006
TRISB7                            00000007
TRISC                             00000F94
TRISC0                            00000000
TRISC1                            00000001
TRISC2                            00000002
TRISC3                            00000003
TRISC4                            00000004
TRISC5                            00000005
gpasm-0.13.7 beta               host_bus.asm3-6-2010  22:43:36           PAGE 28


LOC  OBJECT CODE     LINE SOURCE TEXT
  VALUE
 
TRISC6                            00000006
TRISC7                            00000007
TRISD                             00000F95
TRISD0                            00000000
TRISD1                            00000001
TRISD2                            00000002
TRISD3                            00000003
TRISD4                            00000004
TRISD5                            00000005
TRISD6                            00000006
TRISD7                            00000007
TRISE                             00000F96
TRISE0                            00000000
TRISE1                            00000001
TRISE2                            00000002
TRMT                              00000001
TUN0                              00000000
TUN1                              00000001
TUN2                              00000002
TUN3                              00000003
TUN4                              00000004
TX                                00000006
TX9                               00000006
TX9D                              00000000
TXCKP                             00000004
TXEN                              00000005
TXIE                              00000004
TXIF                              00000004
TXIP                              00000004
TXREG                             00000FAD
TXSTA                             00000FAC
UA                                00000001
VCFG0                             00000004
VCFG1                             00000005
VDIRMAG                           00000007
VPP                               00000003
VREFN                             00000002
VREFP                             00000003
W                                 00000000
WCOL                              00000007
WDTCON                            00000FD1
WR                                00000001
WREG                              00000FE8
WREN                              00000002
WRERR                             00000003
WUE                               00000001
Z                                 00000002
_BOREN_NOSLP_2L                   000000FD
_BOREN_OFF_2L                     000000F9
_BOREN_ON_2L                      000000FB
_BOREN_SBORDIS_2L                 000000FF
_BORV_0_2L                        000000E7
_BORV_1_2L                        000000EF
_BORV_2_2L                        000000F7
gpasm-0.13.7 beta               host_bus.asm3-6-2010  22:43:36           PAGE 29


LOC  OBJECT CODE     LINE SOURCE TEXT
  VALUE
 
_BORV_3_2L                        000000FF
_CCP2MX_PORTBE_3H                 000000FE
_CCP2MX_PORTC_3H                  000000FF
_CONFIG1H                         00300001
_CONFIG2H                         00300003
_CONFIG2L                         00300002
_CONFIG3H                         00300005
_CONFIG4L                         00300006
_CONFIG5H                         00300009
_CONFIG5L                         00300008
_CONFIG6H                         0030000B
_CONFIG6L                         0030000A
_CONFIG7H                         0030000D
_CONFIG7L                         0030000C
_CP0_OFF_5L                       000000FF
_CP0_ON_5L                        000000FE
_CP1_OFF_5L                       000000FF
_CP1_ON_5L                        000000FD
_CP2_OFF_5L                       000000FF
_CP2_ON_5L                        000000FB
_CP3_OFF_5L                       000000FF
_CP3_ON_5L                        000000F7
_CPB_OFF_5H                       000000FF
_CPB_ON_5H                        000000BF
_CPD_OFF_5H                       000000FF
_CPD_ON_5H                        0000007F
_DEBUG_OFF_4L                     000000FF
_DEBUG_ON_4L                      0000007F
_DEVID1                           003FFFFE
_DEVID2                           003FFFFF
_EBTR0_OFF_7L                     000000FF
_EBTR0_ON_7L                      000000FE
_EBTR1_OFF_7L                     000000FF
_EBTR1_ON_7L                      000000FD
_EBTR2_OFF_7L                     000000FF
_EBTR2_ON_7L                      000000FB
_EBTR3_OFF_7L                     000000FF
_EBTR3_ON_7L                      000000F7
_EBTRB_OFF_7H                     000000FF
_EBTRB_ON_7H                      000000BF
_FCMEN_OFF_1H                     000000BF
_FCMEN_ON_1H                      000000FF
_IDLOC0                           00200000
_IDLOC1                           00200001
_IDLOC2                           00200002
_IDLOC3                           00200003
_IDLOC4                           00200004
_IDLOC5                           00200005
_IDLOC6                           00200006
_IDLOC7                           00200007
_IESO_OFF_1H                      0000007F
_IESO_ON_1H                       000000FF
_LPT1OSC_OFF_3H                   000000FB
_LPT1OSC_ON_3H                    000000FF
gpasm-0.13.7 beta               host_bus.asm3-6-2010  22:43:36           PAGE 30


LOC  OBJECT CODE     LINE SOURCE TEXT
  VALUE
 
_LVP_OFF_4L                       000000FB
_LVP_ON_4L                        000000FF
_MCLRE_OFF_3H                     0000007F
_MCLRE_ON_3H                      000000FF
_OSC_ECIO6_1H                     000000F5
_OSC_EC_1H                        000000F4
_OSC_HSPLL_1H                     000000F6
_OSC_HS_1H                        000000F2
_OSC_INTIO67_1H                   000000F8
_OSC_INTIO7_1H                    000000F9
_OSC_LP_1H                        000000F0
_OSC_RCIO6_1H                     000000F7
_OSC_RC_1H                        000000F3
_OSC_XT_1H                        000000F1
_PBADEN_OFF_3H                    000000FD
_PBADEN_ON_3H                     000000FF
_PWRT_OFF_2L                      000000FF
_PWRT_ON_2L                       000000FE
_STVREN_OFF_4L                    000000FE
_STVREN_ON_4L                     000000FF
_WDTPS_1024_2H                    000000F5
_WDTPS_128_2H                     000000EF
_WDTPS_16384_2H                   000000FD
_WDTPS_16_2H                      000000E9
_WDTPS_1_2H                       000000E1
_WDTPS_2048_2H                    000000F7
_WDTPS_256_2H                     000000F1
_WDTPS_2_2H                       000000E3
_WDTPS_32768_2H                   000000FF
_WDTPS_32_2H                      000000EB
_WDTPS_4096_2H                    000000F9
_WDTPS_4_2H                       000000E5
_WDTPS_512_2H                     000000F3
_WDTPS_64_2H                      000000ED
_WDTPS_8192_2H                    000000FB
_WDTPS_8_2H                       000000E7
_WDT_OFF_2H                       000000FE
_WDT_ON_2H                        000000FF
_WRT0_OFF_6L                      000000FF
_WRT0_ON_6L                       000000FE
_WRT1_OFF_6L                      000000FF
_WRT1_ON_6L                       000000FD
_WRT2_OFF_6L                      000000FF
_WRT2_ON_6L                       000000FB
_WRT3_OFF_6L                      000000FF
_WRT3_ON_6L                       000000F7
_WRTB_OFF_6H                      000000FF
_WRTB_ON_6H                       000000BF
_WRTC_OFF_6H                      000000FF
_WRTC_ON_6H                       000000DF
_WRTD_OFF_6H                      000000FF
_WRTD_ON_6H                       0000007F
_XINST_OFF_4L                     000000BF
_XINST_ON_4L                      000000FF
gpasm-0.13.7 beta               host_bus.asm3-6-2010  22:43:36           PAGE 31


LOC  OBJECT CODE     LINE SOURCE TEXT
  VALUE
 
__18F4520                         00000001
busy                              00000000
carderr                           00000001
eeprom_addr                       00000000
eeprom_data                       00000000
eeprom_read                       00000000
eeprom_write                      00000000
ensure_master                     00000000
ensure_master_not_master          0000000A
get_dma                           00000036
get_dma_loop                      00000040
get_reset                         0000004E
get_slave                         0000006A
io_read                           000000A0
io_read_wait_loop                 000000B4
io_write                          000000C2
io_write_wait_loop                000000DA
low_jump                          00000005
mem_read                          000000E6
mem_read_wait_loop                000000F6
mem_write                         00000104
mem_write_wait_loop               0000011A
revert_master                     00000010
revert_master_dma                 00000030
revert_master_needs_change        00000018
revert_master_reset               0000002A
rxbytes                           00000001
sd_card_cid                       00000000
sd_card_csd                       00000000
sd_card_read_block                00000000
sd_data                           00000000
set_master                        00000072
set_slave                         00000088
slave_check_byte0                 000003B2
slave_cmd_table                   000001DA
slave_command_card_cid            0000035C
slave_command_card_csd            00000386
slave_command_dispatch            000001BC
slave_command_lengths             000003C4
slave_command_read_eeprom         00000300
slave_command_read_sector         0000031C
slave_command_reset               000003B0
slave_command_write_eeprom        000002E6
slave_count                       00000008
slave_go_idle                     0000015A
slave_ignore_event                000001B8
slave_int                         00000126
slave_latb_temp                   00000006
slave_rx                          00000164
slave_rx_data                     0000019A
slave_rx_data_done                0000019E
slave_start_processing            000001B0
slave_trisb_temp                  00000007
slave_tx                          00000136
gpasm-0.13.7 beta               host_bus.asm3-6-2010  22:43:36           PAGE 32


LOC  OBJECT CODE     LINE SOURCE TEXT
  VALUE
 
slave_unused_command              000002DA
slaveflags                        0000000A
txbytes                           00000002
DDRA                              TRISA
DDRB                              TRISB
DDRC                              TRISC
DDRD                              TRISD
DDRE                              TRISE


Errors   :       0
Warnings :       0 reported,       0 suppressed
Messages :       0 reported,       0 suppressed

