gpasm-0.13.7 beta               sd.asm      3-6-2010  21:06:13           PAGE  1


LOC  OBJECT CODE     LINE SOURCE TEXT
  VALUE
 
               00001 list p=18f4520
               00002 include <p18f4520.inc>
               00001         LIST
               00002 
               00003 ;==========================================================================
               00004 ;  MPASM PIC18F4520 processor include
               00005 ; 
               00006 ;  (c) Copyright 1999-2007 Microchip Technology, All rights reserved
               00007 ;==========================================================================
               00008 
               01336         LIST
               00003 include "portpins.inc"
               00001 ;== PORT Definitions ==========================================================
               00002 
               00003 ;-- PORT A --------------------------------------------------------------------
               00004 
  00000000     00005 P_RESET         EQU     0
  00000001     00006 P_BUSRQ         EQU     1
  00000002     00007 P_MREQ          EQU     2
  00000003     00008 P_IORQ          EQU     3
  00000004     00009 P_WAIT          EQU     4
  00000005     00010 P_HI_LAT        EQU     5
               00011 
               00012 ;-- PORT C --------------------------------------------------------------------
               00013 
  00000000     00014 P_BUSACK        EQU     0
  00000001     00015 P_SD_CS         EQU     1
  00000002     00016 P_CLK           EQU     2
  00000003     00017 P_SD_CK         EQU     3
  00000004     00018 P_SD_DI         EQU     4
  00000005     00019 P_SD_DO         EQU     5
  00000006     00020 P_TX            EQU     6
  00000007     00021 P_RX            EQU     7
               00022 
               00023 ;-- PORT B ---------------------------------------------------------------------
               00024 
  00000004     00025 P_SD_FIND       EQU     4
  00000005     00026 P_TXE           EQU     5
  00000006     00027 P_RXF           EQU     6
  00000007     00028 P_SD_PRES       EQU     7
               00029 
  000000C0     00030 SLAVE_LATB_DEF EQU     b'11000000'
  0000001F     00031 SLAVE_TRISB_DEF EQU     b'00011111'
               00032 
               00033 ;-- PORT E --------------------------------------------------------------------
               00034 
  00000000     00035 P_RD            EQU     0
  00000001     00036 P_WR            EQU     1
  00000002     00004 
               00005 ; -- Externals From host_bus.asm -----------------------------------------------
               00006 
               00007     EXTERN      slave_count
               00008 
               00009     EXTERN      io_write
gpasm-0.13.7 beta               sd.asm      3-6-2010  21:06:13           PAGE  2


LOC  OBJECT CODE     LINE SOURCE TEXT
  VALUE
 
               00010     EXTERN      DREG
               00011     EXTERN      LO_ADDR
               00012     EXTERN      HI_ADDR
               00013 
               00014     EXTERN      ensure_master
               00015     EXTERN      revert_master
               00016 
               00017     UDATA
               00018 count           res     2
               00019 sdflags         res     1
  00000000     00020 v2              equ     0
  00000001     00021 carderr         equ     1
  00000002     00022 cardinit        equ     2
  00000003     00023 init_started     equ     3
               00024 
               00025 sd_command      res     1
               00026 sd_data         res     4
               00027 ; MAIN_TEMP       res     1
               00028 temp2           res     1
               00029 ; low_jump        res     1
               00030     CODE
               00031 
0000 00032 sd_init
0000 828B      00033     bsf         LATC, P_SD_CS           ; cs pin high
0002 9294      00034     bcf         TRISC, P_SD_CS          ; cs pin as output
0004 9A94      00035     bcf         TRISC, P_SD_DO
0006 9694      00036     bcf         TRISC, P_SD_CK
0008 8894      00037     bsf         TRISC, P_SD_DI
               00038 
000A 0E00      00039     movlw       b'00000000'
000C 6EC7      00040     movwf       SSPSTAT
000E 0E30      00041     movlw       b'00110000'
0010 6EC6      00042     movwf       SSPCON1
               00043 
0012 6A00      00044     clrf        sdflags
               00045 
0014 0E06      00046     movlw       b'00000110'
0016 6ED5      00047     movwf       T0CON                   ; setup timer 0 for 16 bit mode with
               00048                                         ; 128 prescale, takes ~ 0.8s to timeout
0018 0012      00049     return                              ; used as a guard in sd routines
               00050 
001A 00051 sd_card_init
001A 0E10      00052     movlw       0x10
001C 6E00      00053     movwf       count
001E 00054 sd_card_init_loop
001E EC00 F000 00055     call        read_spi
0022 2E00      00056     decfsz      count, f
0024 D000      00057     bra         sd_card_init_loop
               00058 
               00059 ;     movlw       low debugmsg1
               00060 ;     movwf       TBLPTRL
               00061 ;     movlw       high debugmsg1
               00062 ;     movwf       TBLPTRH
               00063 ;     clrf        TBLPTRU
gpasm-0.13.7 beta               sd.asm      3-6-2010  21:06:13           PAGE  3


LOC  OBJECT CODE     LINE SOURCE TEXT
  VALUE
 
               00064 ;     call        msg
               00065 
               00066 ; version 2 SD driver, supports HCSD
               00067 ; send CMD0 with correct checksum
               00068 
0026 928B      00069     bcf         LATC, P_SD_CS
               00070     
0028 0E40      00071     movlw       0x40                    ; cmd0
002A 6E00      00072     movwf       sd_command
002C 6A00      00073     clrf        sd_data
002E 6A00      00074     clrf        sd_data+1
0030 6A00      00075     clrf        sd_data+2
0032 6A00      00076     clrf        sd_data+3
               00077 
0034 EC00 F000 00078     call        write_sd
               00079 
               00080 ;     movlw       0x40
               00081 ;     call        write_spi
               00082 ;     movlw       0x00
               00083 ;     call        write_spi
               00084 ;     movlw       0x00
               00085 ;     call        write_spi
               00086 ;     movlw       0x00
               00087 ;     call        write_spi
               00088 ;     movlw       0x00
               00089 ;     call        write_spi
               00090 ;     movlw       0x95
               00091 ;     call        write_spi
               00092     
0038 EC00 F000 00093     call        start_timeout           ; start the timer
003C 00094 nloop
003C B4F2      00095     btfsc       INTCON, TMR0IF
003E EF00 F000 00096     goto        sd_timeout
0042 EC00 F000 00097     call        read_spi                 ; get a non 0xff byte
               00098     
0046 9ED5      00099     bcf         T0CON, TMR0ON           ; stop the timer
               00100 
               00101 ;     movwf       temp2
               00102 ;     movlw       low debugmsg2
               00103 ;     movwf       TBLPTRL
               00104 ;     movlw       high debugmsg2
               00105 ;     movwf       TBLPTRH
               00106 ;     clrf        TBLPTRU
               00107 ;     call        msg
               00108 ;     movf        temp2, w
               00109 ;     call        debug
               00110 ;     movf        temp2, w
0048 0A01      00111     xorlw       0x01
004A A4D8      00112     btfss       STATUS, Z
               00113     ;goto        error_exit              ; should be 0x01 - busy
004C D000      00114     bra         nloop
               00115 ;     movlw       0x55
               00116 ;     call        debug
               00117 
gpasm-0.13.7 beta               sd.asm      3-6-2010  21:06:13           PAGE  4


LOC  OBJECT CODE     LINE SOURCE TEXT
  VALUE
 
004E 0E48      00118     movlw       0x48
0050 6E00      00119     movwf       sd_command
0052 6A00      00120     clrf        sd_data+3
0054 6A00      00121     clrf        sd_data+2
0056 0E01      00122     movlw       0x01
0058 6E00      00123     movwf       sd_data+1
005A 0EAA      00124     movlw       0xAA
005C 6E00      00125     movwf       sd_data
               00126 
005E EC00 F000 00127     call        write_sd
               00128 
0062 EC00 F000 00129     call        start_timeout
0066 EC00 F000 00130     call        read_sd
006A 9ED5      00131     bcf         T0CON, TMR0ON
               00132 
006C 9000      00133     bcf         sdflags, v2
006E B4E8      00134     btfsc       WREG, 2
0070 D000      00135     bra         not_hcsd                ; if bit 2 is set then it's a type 1
               00136                                         ; card hence doesn't support CMD8
               00137 ;     movlw       0x66
               00138 ;     call        debug
               00139 
0072 EC00 F000 00140     call        read_spi
0076 EC00 F000 00141     call        read_spi
007A EC00 F000 00142     call        read_spi
007E 0A01      00143     xorlw       0x01
0080 E100      00144     bnz         error_exit
0082 EC00 F000 00145     call        read_spi
0086 0AAA      00146     xorlw       0xaa
0088 E100      00147     bnz         error_exit
               00148 
008A 8000      00149     bsf         sdflags, v2
               00150 
008C 00151 not_hcsd
008C EC00 F000 00152     call        start_timeout
0090 00153 sd_acmd41
               00154     ; now poll until the card is ready
0090 0EE9      00155     movlw       0xE9                    ; cmd41 | 0x80 to signify ACMD
0092 6E00      00156     movwf       sd_command
0094 0E00      00157     movlw       0x00
0096 B000      00158     btfsc       sdflags, v2
0098 0E40      00159     movlw       0x40
009A 6E00      00160     movwf       sd_data+3
009C 6A00      00161     clrf        sd_data+2
009E 6A00      00162     clrf        sd_data+1
00A0 6A00      00163     clrf        sd_data
               00164 
00A2 EC00 F000 00165     call        write_sd
               00166 
00A6 EC00 F000 00167     call        read_sd
               00168 
               00169 ;     movwf       temp2
               00170 ;     movlw       low debugmsg3
               00171 ;     movwf       TBLPTRL
gpasm-0.13.7 beta               sd.asm      3-6-2010  21:06:13           PAGE  5


LOC  OBJECT CODE     LINE SOURCE TEXT
  VALUE
 
               00172 ;     movlw       high debugmsg3
               00173 ;     movwf       TBLPTRH
               00174 ;     clrf        TBLPTRU
               00175 ;     call        msg
               00176 ;     movf        temp2, w
               00177 ;     call        debug
               00178 ;     movf        temp2, w
               00179     
               00180 ;     clrf        count
               00181 ;     clrf        count+1
               00182 ; hold
               00183 ;     decfsz      count, f
               00184 ;     bra         hold
               00185 ;     decfsz      count+1, f
               00186 ;     bra         hold
               00187 
00AA 0A01      00188     xorlw       0x01
00AC E000      00189     bz          sd_acmd41
               00190 
               00191 ;     movlw       low debugmsg4
               00192 ;     movwf       TBLPTRL
               00193 ;     movlw       high debugmsg4
               00194 ;     movwf       TBLPTRH
               00195 ;     clrf        TBLPTRU
               00196 ;     call        msg
               00197 
00AE 8400      00198     bsf         sdflags, cardinit
00B0 9ED5      00199     bcf         T0CON, TMR0ON
00B2 828B      00200     bsf         LATC, P_SD_CS
00B4 0012      00201     return                              ; all done
               00202 
               00203 ;     movlw       0x40
               00204 ;     call        write_spi
               00205 ;     movlw       0x00
               00206 ;     call        write_spi
               00207 ;     movlw       0x00
               00208 ;     call        write_spi
               00209 ;     movlw       0x00
               00210 ;     call        write_spi
               00211 ;     movlw       0x00
               00212 ;     call        write_spi
               00213 ;     movlw       0x95
               00214 ;     call        write_spi
               00215 ; 
               00216 ;     clrf        TMR0H
               00217 ;     clrf        TMR0L
               00218 ;     bsf         T0CON, TMR0ON           ; start timeout
               00219 ;     bcf         INTCON, TMR0IF
               00220 ; sd_card_init2
               00221 ;     btfsc       INTCON, TMR0IF
               00222 ;     goto        sd_timeout
               00223 ;     call        read_spi
               00224 ;     xorlw       0x01
               00225 ;     bnz         sd_card_init2
gpasm-0.13.7 beta               sd.asm      3-6-2010  21:06:13           PAGE  6


LOC  OBJECT CODE     LINE SOURCE TEXT
  VALUE
 
               00226 ;     ; stop timer
               00227 ;     bcf         T0CON, TMR0ON
               00228 ; 
               00229 ; ; send CMD8 to see if it is HCSD
               00230 ; 
               00231 ; sd_card_cmd8
               00232 ;     call        read_spi
               00233 ;     movlw       0x48
               00234 ;     call        write_spi
               00235 ;     movlw       0x00
               00236 ;     call        write_spi
               00237 ;     movlw       0x00
               00238 ;     call        write_spi
               00239 ;     movlw       0x01
               00240 ;     call        write_spi
               00241 ;     movlw       0xAA
               00242 ;     call        write_spi
               00243 ;     movlw       0x87
               00244 ;     call        write_spi
               00245 ; 
               00246 ;     clrf        TMR0H
               00247 ;     clrf        TMR0L
               00248 ;     bsf         T0CON, TMR0ON           ; start timeout
               00249 ;     bcf         INTCON, TMR0IF
               00250 ; sd_card_check_cmd8
               00251 ;     btfsc       INTCON, TMR0IF
               00252 ;     goto        sd_timeout
               00253 ;     call        read_spi
               00254 ;     xorlw       0xff
               00255 ;     bz          sd_card_check_cmd8
               00256 ;     xorlw       0xff
               00257 ; 
               00258 ;     bcf         T0CON, TMR0ON           ; stop timer
               00259 ; 
               00260 ;     xorlw       0x01                    ; see if the first byte is 01
               00261 ;     bnz         sdnc                    ; if not probably an old SD
               00262 ;     call        read_spi                ; should be 00
               00263 ;     call        read_spi                ; should be 00
               00264 ;     call        read_spi                ; has to be 01
               00265 ;     xorlw       0x01
               00266 ;     bnz         error_exit
               00267 ;     call        read_spi                ; has to be aa
               00268 ;     xorlw       0xaa
               00269 ;     bnz         error_exit
               00270 ;     bsf         sdflags, v2             ; if it's a valid response this is a
               00271 ;     bra         sd_card_enter_acmd41          ; mark2 card
               00272 ; 
               00273 ; sdnc
               00274 ;     xorlw       0x04                    ; see if it responded "unknown command"
               00275 ;     bnz         error_exit              ; if not something went wrong
               00276 ; 
               00277 ; 
               00278 ; sd_card_enter_acmd41
               00279 ;     clrf        TMR0H
gpasm-0.13.7 beta               sd.asm      3-6-2010  21:06:13           PAGE  7


LOC  OBJECT CODE     LINE SOURCE TEXT
  VALUE
 
               00280 ;     clrf        TMR0L
               00281 ;     bsf         T0CON, TMR0ON           ; start timeout
               00282 ;     bcf         INTCON, TMR0IF
               00283 ; sd_card_acmd41                          ; now initialise with acmd41
               00284 ;     call        read_spi
               00285 ;     movlw       0x77                    ; means send cmd55, then cmd41
               00286 ;     call        write_spi
               00287 ;     movlw       0x00
               00288 ;     call        write_spi
               00289 ;     movlw       0x00
               00290 ;     call        write_spi
               00291 ;     movlw       0x00
               00292 ;     call        write_spi
               00293 ;     movlw       0x00
               00294 ;     call        write_spi
               00295 ;     movlw       0x01
               00296 ;     call        write_spi
               00297 ; 
               00298 ; sd_card_ack_cmd55                       ; check cmd 55 was acknowledged
               00299 ;     btfsc       INTCON, TMR0IF
               00300 ;     goto        sd_timeout
               00301 ;     call        read_spi
               00302 ;     xorlw       0xff
               00303 ;     bz          sd_card_ack_cmd55
               00304 ;     xorlw       0xfe
               00305 ;     bnz         error_exit              ; for mmc support ought to try cmd1 here
               00306 ;                                         ; not really important in this day...
               00307 ; 
               00308 ;     call        read_spi
               00309 ;     movlw       0x69                    ; cmd41
               00310 ;     call        write_spi
               00311 ;     movlw       0x00
               00312 ;     btfsc       sdflags, v2             ; signal that we are HC capable if the
               00313 ;     movlw       0x40                    ; card is a version 2, otherwise no need
               00314 ;     call        write_spi
               00315 ;     movlw       0x00
               00316 ;     call        write_spi
               00317 ;     movlw       0x00
               00318 ;     call        write_spi
               00319 ;     movlw       0x00
               00320 ;     call        write_spi
               00321 ;     movlw       0x01
               00322 ;     call        write_spi
               00323 ; 
               00324 ; sd_card_init6
               00325 ;     btfsc       INTCON, TMR0IF
               00326 ;     goto        sd_timeout
               00327 ;     call        read_spi
               00328 ;     xorlw       0xff                    ; if response was ff, try again it was
               00329 ;     bz          sd_card_init6           ; just a bit slow
               00330 ;     xorlw       0xfe                    ; 0xff ^ 0xfe = 0x01 > see if still idle
               00331 ;     bz          sd_card_acmd41          ; if so, poll again
               00332 ;     xorlw       0x01                    ; 0xff ^ 0xfe ^ 0x01 = 0x00
               00333 ;     btfss       STATUS, Z               ; if zero card is ready
gpasm-0.13.7 beta               sd.asm      3-6-2010  21:06:13           PAGE  8


LOC  OBJECT CODE     LINE SOURCE TEXT
  VALUE
 
               00334 ;     bra         error_exit              ; if it's none of these something went
               00335 ;                                         ; wrong, exit
               00336 ;     bcf         T0CON, TMR0ON           ; turn off timeout
               00337 ;     bsf         LATC, P_SD_CS           ; release chip select
               00338 ;     bsf         sdflags, cardinit
               00339 ;     return
               00340 
00B6 00341 sd_timeout
00B6 B600      00342     btfsc       sdflags, init_started   ; if this is in the init Z80 doesn't
00B8 D000      00343     bra         sd_timeout_nr           ; know about it, don't send a response
00BA 0AFF      00344     xorlw       0xff                    ; otherwise, correct for the last xor
00BC 6E00      00345     movwf       temp2                   ; save the value
               00346 
00BE 6AD9      00347     clrf        FSR2L                   ; initialise the response buffer pointer
00C0 0E03      00348     movlw       0x03
00C2 6EDA      00349     movwf       FSR2H
00C4 0E54      00350     movlw       'T'                     ; set first character T for timeout
00C6 6EDE      00351     movwf       POSTINC2
00C8 5000      00352     movf        sd_command, w           ; add the last command sent to the SD
00CA 6EDE      00353     movwf       POSTINC2
00CC 5000      00354     movf        temp2, w                ; add the last response before timeout
00CE 6EDE      00355     movwf       POSTINC2
               00356 
00D0 00357 sd_timeout_nr
00D0 8200      00358     bsf         sdflags, carderr        ; set the error flag
00D2 828B      00359     bsf         LATC, P_SD_CS           ; and release the SD
00D4 0012      00360     return
               00361 
00D6 00362 error_exit
00D6 B600      00363     btfsc       sdflags, init_started   ; don't send a report if in auto-init
00D8 D000      00364     bra         error_exit_nr
00DA 6E00      00365     movwf       temp2                   ; save the error code from the SD
               00366 
00DC 6AD9      00367     clrf        FSR2L
00DE 0E03      00368     movlw       0x03
00E0 6EDA      00369     movwf       FSR2H
00E2 0E45      00370     movlw       'E'                     ; start with E for error
00E4 6EDE      00371     movwf       POSTINC2
00E6 5000      00372     movf        sd_command, w           ; add the last command sent to SD
00E8 6EDE      00373     movwf       POSTINC2
00EA 5000      00374     movf        temp2, w                ; add the error response
00EC 6EDE      00375     movwf       POSTINC2
               00376 
00EE 00377 error_exit_nr
00EE 8200      00378     bsf         sdflags, carderr        ; cleared when card removed
00F0 828B      00379     bsf         LATC, P_SD_CS
00F2 0012      00380     return
               00381 
00F4 00382 sd_card_csd
00F4 928B      00383     bcf         LATC, P_SD_CS
               00384 
00F6 0E49      00385     movlw       0x49
00F8 6E00      00386     movwf       sd_command
00FA 6A00      00387     clrf        sd_data+3
gpasm-0.13.7 beta               sd.asm      3-6-2010  21:06:13           PAGE  9


LOC  OBJECT CODE     LINE SOURCE TEXT
  VALUE
 
00FC 6A00      00388     clrf        sd_data+2
00FE 6A00      00389     clrf        sd_data+1
0100 6A00      00390     clrf        sd_data
               00391 
0102 EC00 F000 00392     call        write_sd
               00393 
0106 EC00 F000 00394     call        start_timeout
010A EC00 F000 00395     call        read_sd
010E 9ED5      00396     bcf         T0CON, TMR0ON
               00397 
0110 0A00      00398     xorlw       0x00
0112 E100      00399     bnz         error_exit
               00400 
0114 EC00 F000 00401     call        start_timeout
0118 EC00 F000 00402     call        read_sd
011C 9ED5      00403     bcf         T0CON, TMR0ON
               00404 
011E 0AFE      00405     xorlw       0xFE
0120 E100      00406     bnz         error_exit
               00407 
0122 0E10      00408     movlw       0x10
0124 6E00      00409     movwf       count
               00410 
0126 00411 sd_card_csd_loop
0126 EC00 F000 00412     call        read_spi
012A 6EDE      00413     movwf       POSTINC2
012C 2E00      00414     decfsz      count,f
012E D000      00415     bra         sd_card_csd_loop
               00416 
0130 828B      00417     bsf         LATC, P_SD_CS
0132 0012      00418     return
               00419 
               00420 ;     call        read_spi
               00421 ;     movlw       0x49
               00422 ;     call        write_spi
               00423 ;     movlw       0x00
               00424 ;     call        write_spi
               00425 ;     movlw       0x00
               00426 ;     call        write_spi
               00427 ;     movlw       0x00
               00428 ;     call        write_spi
               00429 ;     movlw       0x00
               00430 ;     call        write_spi
               00431 ;     movlw       0x01
               00432 ;     call        write_spi
               00433 ; 
               00434 ; sd_card_csd_loop
               00435 ;     call        read_spi
               00436 ;     xorlw       0x00
               00437 ;     btfss       STATUS, Z
               00438 ;     bra         sd_card_csd_loop
               00439 ; 
               00440 ; sd_card_csd_loop2
               00441 ;     call        read_spi
gpasm-0.13.7 beta               sd.asm      3-6-2010  21:06:13           PAGE 10


LOC  OBJECT CODE     LINE SOURCE TEXT
  VALUE
 
               00442 ;     xorlw       0xfe
               00443 ;     bnz         sd_card_csd_loop2
               00444 ;     
               00445 ;     movlw       0x10
               00446 ;     movwf       count
               00447 ; 
               00448 ; sd_card_csd_loop3
               00449 ;     call        read_spi
               00450 ;     movwf       POSTINC2
               00451 ;     decfsz      count,f
               00452 ;     bra         sd_card_csd_loop3
               00453 ; 
               00454 ;     movlw       0x01
               00455 ;     movwf       slave_count+1
               00456 ;     movlw       0x10
               00457 ;     movwf       slave_count
               00458 ;     bsf         LATC, P_SD_CS
               00459 ;     return
               00460 
0134 00461 sd_card_cid
0134 928B      00462     bcf         LATC, P_SD_CS
               00463 
0136 0E4A      00464     movlw       0x4A
0138 6E00      00465     movwf       sd_command
               00466 
013A 6A00      00467     clrf        sd_data+3
013C 6A00      00468     clrf        sd_data+2
013E 6A00      00469     clrf        sd_data+1
0140 6A00      00470     clrf        sd_data
               00471 
0142 EC00 F000 00472     call        write_sd
               00473 
0146 EC00 F000 00474     call        start_timeout
014A EC00 F000 00475     call        read_sd
014E 9ED5      00476     bcf         T0CON, TMR0ON
               00477 
0150 0A00      00478     xorlw       0x00
0152 E100      00479     bnz         error_exit
               00480 
0154 EC00 F000 00481     call        start_timeout
0158 EC00 F000 00482     call        read_sd
015C 9ED5      00483     bcf         T0CON, TMR0ON
               00484 
015E 0AFE      00485     xorlw       0xFE
0160 E100      00486     bnz         error_exit
               00487 
               00488     
               00489 ;     call        read_spi
               00490 ;     movlw       0x4A
               00491 ;     call        write_spi
               00492 ;     movlw       0x00
               00493 ;     call        write_spi
               00494 ;     movlw       0x00
               00495 ;     call        write_spi
gpasm-0.13.7 beta               sd.asm      3-6-2010  21:06:13           PAGE 11


LOC  OBJECT CODE     LINE SOURCE TEXT
  VALUE
 
               00496 ;     movlw       0x00
               00497 ;     call        write_spi
               00498 ;     movlw       0x00
               00499 ;     call        write_spi
               00500 ;     movlw       0x01
               00501 ;     call        write_spi
               00502 ; 
               00503 ; sd_card_cid_loop
               00504 ;     call        read_spi
               00505 ;     xorlw       0x00
               00506 ;     bnz         sd_card_cid_loop
               00507 ; 
               00508 ; sd_card_cid_loop2
               00509 ;     call        read_spi
               00510 ;     xorlw       0xfe
               00511 ;     bnz         sd_card_cid_loop2
               00512 
0162 0E10      00513     movlw       0x10
0164 6E00      00514     movwf       count
               00515 
0166 00516 sd_card_cid_read_loop
0166 EC00 F000 00517     call        read_spi
016A 6EDE      00518     movwf       POSTINC2
016C 2E00      00519     decfsz      count, f
016E D000      00520     bra         sd_card_cid_read_loop
               00521 
0170 828B      00522     bsf         LATC, P_SD_CS
0172 0012      00523     return
               00524 
0174 00525 start_timeout
0174 6AD7      00526     clrf        TMR0H
0176 6AD6      00527     clrf        TMR0L
0178 8ED5      00528     bsf         T0CON, TMR0ON           ; start timeout
017A 94F2      00529     bcf         INTCON, TMR0IF
017C 0012      00530     return
               00531 
017E 00532 sd_card_read_block
017E 928B      00533     bcf         LATC, P_SD_CS
               00534 
0180 0E51      00535     movlw       0x51                    ; CMD17
0182 6E00      00536     movwf       sd_command
               00537 
               00538     ; assume address already set
               00539 
0184 EC00 F000 00540     call        write_sd
               00541 
0188 EC00 F000 00542     call        start_timeout
018C EC00 F000 00543     call        read_sd
0190 9ED5      00544     bcf         T0CON, TMR0ON
               00545 
0192 0A00      00546     xorlw       0x00
0194 E100      00547     bnz         error_exit
               00548 
0196 EC00 F000 00549     call        start_timeout
gpasm-0.13.7 beta               sd.asm      3-6-2010  21:06:13           PAGE 12


LOC  OBJECT CODE     LINE SOURCE TEXT
  VALUE
 
019A 00550 sd_card_read_block_wait
019A EC00 F000 00551     call        read_sd
019E 9ED5      00552     bcf         T0CON, TMR0ON
               00553 
01A0 0AFE      00554     xorlw       0xFE
01A2 E100      00555     bnz         sd_card_read_block_wait ; wait for a data token
               00556 
01A4 0E01      00557     movlw       0x01                    ; set count to 514-1 bytes (512 data and
01A6 6E00      00558     movwf       count                   ; two checksum)
01A8 0E02      00559     movlw       0x02
01AA 6E00      00560     movwf       count+1
               00561 
01AC 00562 sd_card_read_block_loop
01AC EC00 F000 00563     call        read_spi
01B0 6EDE      00564     movwf       POSTINC2
01B2 0600      00565     decf        count, f
01B4 B0D8      00566     btfsc       STATUS, C               ; skips if count overflowed
01B6 D000      00567     bra         sd_card_read_block_loop
01B8 0600      00568     decf        count+1, f
01BA B0D8      00569     btfsc       STATUS, C
01BC D000      00570     bra         sd_card_read_block_loop
               00571 
01BE 828B      00572     bsf         LATC, P_SD_CS
01C0 0012      00573     return
               00574 
               00575 ; push_z80
               00576 ;     movwf       PORTD
               00577 ;     bcf         LATB, P_RXF
               00578 ; z80_push_loop
               00579 ;     btfsc       TRISE, OBF
               00580 ;     bra         z80_push_loop
               00581 ; 
               00582 ;     bsf         LATB, P_RXF
               00583 ;     return
               00584 
               00585 ; debug
               00586 ;     movwf       MAIN_TEMP
               00587 ;     swapf       WREG, w
               00588 ;     call        hex
               00589 ;     movwf       DREG
               00590 ;     movlw       0x05
               00591 ;     movwf       LO_ADDR
               00592 ;     clrf        HI_ADDR
               00593 ;     call        ensure_master
               00594 ;     call        io_write
               00595 ;     movf        MAIN_TEMP, w
               00596 ;     call        hex
               00597 ;     movwf       DREG
               00598 ;     call        io_write
               00599 ;     call        revert_master
               00600 ;     return
               00601 ; 
               00602 ; hex
               00603 ;     clrf        PCLATH
gpasm-0.13.7 beta               sd.asm      3-6-2010  21:06:13           PAGE 13


LOC  OBJECT CODE     LINE SOURCE TEXT
  VALUE
 
               00604 ;     andlw       0xf
               00605 ;     rlncf       WREG, w
               00606 ;     addlw       low hex_lut
               00607 ;     btfsc       STATUS, C
               00608 ;     incf        PCLATH, f
               00609 ;     movwf       low_jump
               00610 ;     movlw       high hex_lut
               00611 ;     addwf       PCLATH, f
               00612 ;     movf        low_jump, w
               00613 ;     movwf       PCL
               00614 ; 
               00615 ; hex_lut
               00616 ;     retlw       '0'
               00617 ;     retlw       '1'
               00618 ;     retlw       '2'
               00619 ;     retlw       '3'
               00620 ;     retlw       '4'
               00621 ;     retlw       '5'
               00622 ;     retlw       '6'
               00623 ;     retlw       '7'
               00624 ;     retlw       '8'
               00625 ;     retlw       '9'
               00626 ;     retlw       'A'
               00627 ;     retlw       'B'
               00628 ;     retlw       'C'
               00629 ;     retlw       'D'
               00630 ;     retlw       'E'
               00631 ;     retlw       'F'
               00632 ; 
               00633 ; msg
               00634 ;     movlw       0x05
               00635 ;     movwf       LO_ADDR
               00636 ;     clrf        HI_ADDR
               00637 ;     tblrd*+
               00638 ;     movff       TABLAT, DREG
               00639 ;     movlw       0x00
               00640 ;     xorwf       DREG, w
               00641 ;     btfsc       STATUS, Z
               00642 ;     return
               00643 ;     call        ensure_master
               00644 ;     call        io_write
               00645 ;     call        revert_master
               00646 ;     bra         msg
               00647 ; 
               00648 ; newline
               00649 ;     movlw       0xA
               00650 ;     movwf       DREG
               00651 ;     movlw       0x05
               00652 ;     movwf       LO_ADDR
               00653 ;     clrf        HI_ADDR
               00654 ;     call        ensure_master
               00655 ;     call        io_write
               00656 ;     call        revert_master
               00657 ;     return
gpasm-0.13.7 beta               sd.asm      3-6-2010  21:06:13           PAGE 14


LOC  OBJECT CODE     LINE SOURCE TEXT
  VALUE
 
               00658 
               00659 ;===============================================================================
               00660 ; sd_card_poll - called in the main loop, checks the card detect pin
               00661 ;===============================================================================
               00662 
               00663 ;; If the card detect pin is low and the init flag is clear, calls init.  If
               00664 ;; card detect pin is high (no card) clears all flags.
01C2 00665 sd_card_poll
01C2 B881      00666     btfsc       PORTB, P_SD_FIND
01C4 D000      00667     bra         sd_card_removed
               00668 
               00669     ; sd attached, check it's init or err state
01C6 0E06      00670     movlw       0x6
01C8 1400      00671     andwf       sdflags, w
01CA A4D8      00672     btfss       STATUS, Z
               00673     ; not zero so already been started, return
01CC 0012      00674     return
               00675 
01CE B600      00676     btfsc       sdflags, init_started
01D0 D000      00677     bra         sd_init_timeout
01D2 EC00 F000 00678     call        start_timeout
01D6 8600      00679     bsf         sdflags, init_started
01D8 0012      00680     return
               00681 
01DA 00682 sd_init_timeout
01DA B4F2      00683     btfsc       INTCON, TMR0IF
01DC D000      00684     bra         sd_do_init
               00685     ; debounce time not up
01DE 0012      00686     return
               00687 
01E0 00688 sd_do_init
               00689     ; disable timer
01E0 9ED5      00690     bcf         T0CON, TMR0ON
01E2 EC00 F000 00691     call        sd_card_init
01E6 B400      00692     btfsc       sdflags, cardinit
01E8 9E8A      00693     bcf         LATB, P_SD_PRES         ; tell Z80 there's a started card here
               00694 
               00695     ; clear the init timer
01EA 9600      00696     bcf         sdflags, init_started
01EC 0012      00697     return
               00698 
01EE 00699 sd_card_removed
01EE 6A00      00700     clrf        sdflags
01F0 8E8A      00701     bsf         LATB, P_SD_PRES         ; signal sd removed
01F2 0012      00702     return
               00703 
               00704 ;-------------------------------------------------------------------------------
               00705 ; read_sd - internal mid-level read from SD
               00706 ;-------------------------------------------------------------------------------
01F4 00707 read_sd
01F4 B4F2      00708     btfsc       INTCON, TMR0IF
01F6 EF00 F000 00709     goto        sd_timeout
01FA EC00 F000 00710     call        read_spi
01FE 0AFF      00711     xorlw       0xff
gpasm-0.13.7 beta               sd.asm      3-6-2010  21:06:13           PAGE 15


LOC  OBJECT CODE     LINE SOURCE TEXT
  VALUE
 
0200 E000      00712     bz          read_sd
0202 0AFF      00713     xorlw       0xff
0204 0012      00714     return
               00715 
               00716 ;-------------------------------------------------------------------------------
               00717 ; write_sd - internal mid-level write a command to SD
               00718 ;-------------------------------------------------------------------------------
0206 00719 write_sd
               00720     ; test for an ACMD41
0206 BE00      00721     btfsc       sd_command, 7
0208 EC00 F000 00722     call        sd_cmd55
               00723 
020C EC00 F000 00724     call        read_spi
0210 5000      00725     movf        sd_command, w
0212 0B7F      00726     andlw       0x7F
0214 EC00 F000 00727     call        write_spi
               00728 
               00729     ; now the 32 bit data
0218 5000      00730     movf        sd_data+3, w
021A EC00 F000 00731     call        write_spi
021E 5000      00732     movf        sd_data+2, w
0220 EC00 F000 00733     call        write_spi
0224 5000      00734     movf        sd_data+1, w
0226 EC00 F000 00735     call        write_spi
022A 5000      00736     movf        sd_data, w
022C EC00 F000 00737     call        write_spi
               00738 
               00739     ; now the checksum, might need to be a real one
0230 EC00 F000 00740     call        sd_get_checksum
0234 EC00 F000 00741     call        write_spi
               00742 
0238 0012      00743     return
               00744 
               00745 ; send the special command 55 which preceeds ACMD codes
023A 00746 sd_cmd55
023A EC00 F000 00747     call        read_spi
023E 0E77      00748     movlw       0x77
0240 EC00 F000 00749     call        write_spi
0244 0E00      00750     movlw       0x00
0246 EC00 F000 00751     call        write_spi
024A 0E00      00752     movlw       0x00
024C EC00 F000 00753     call        write_spi
0250 0E00      00754     movlw       0x00
0252 EC00 F000 00755     call        write_spi
0256 0E00      00756     movlw       0x00
0258 EC00 F000 00757     call        write_spi
025C 0E01      00758     movlw       0x01
025E EC00 F000 00759     call        write_spi
               00760 
0262 EC00 F000 00761     call        read_sd
0266 0B7E      00762     andlw       0x7e
0268 A4D8      00763     btfss       STATUS, Z
026A EF00 F000 00764     goto        error_exit                      ; if it was not zero an error
               00765                                                 ; flag was set
gpasm-0.13.7 beta               sd.asm      3-6-2010  21:06:13           PAGE 16


LOC  OBJECT CODE     LINE SOURCE TEXT
  VALUE
 
026E 0012      00766     return
               00767 
0270 00768 sd_get_checksum
0270 0E40      00769     movlw       0x40            ; cmd0
0272 1800      00770     xorwf       sd_command, w
0274 B4D8      00771     btfsc       STATUS, Z
0276 0C95      00772     retlw       0x95
0278 0E48      00773     movlw       0x48            ; cmd8
027A 1800      00774     xorwf       sd_command, w
027C B4D8      00775     btfsc       STATUS, Z
027E 0C87      00776     retlw       0x87
               00777     ; neither of those, so don't care
0280 0C01      00778     retlw       0x01
               00779 
               00780 ;-------------------------------------------------------------------------------
               00781 ; read_spi - internal low-level read a byte from SPI
               00782 ;-------------------------------------------------------------------------------
               00783 
0282 00784 read_spi
0282 68C9      00785     setf        SSPBUF
0284 00786 read_spi_loop
0284 A0C7      00787     btfss       SSPSTAT, BF
0286 D000      00788     bra         read_spi_loop
0288 50C9      00789     movf        SSPBUF, w
028A 0012      00790     return
               00791 
               00792 ;-------------------------------------------------------------------------------
               00793 ; write_spi - internal low-level write a byte to the SPI peripheral
               00794 ;-------------------------------------------------------------------------------
               00795 
028C 00796 write_spi
028C 6EC9      00797     movwf       SSPBUF
028E 00798 write_spi_loop
028E A0C7      00799     btfss       SSPSTAT, BF
0290 D000      00800     bra         write_spi_loop
0292 50C9      00801     movf        SSPBUF, w
0294 0012      00802     return
               00803 
               00804 
               00805 ; debugmsg1
               00806 ;     db          '\n', 'C'
               00807 ;     db          'M', 'D'
               00808 ;     db          '0', 0x00
               00809 ; 
               00810 ; debugmsg2
               00811 ;     db          'G', 'o'
               00812 ;     db          't', 0x00
               00813 ; 
               00814 ; debugmsg3
               00815 ;     db          'A', 'C'
               00816 ;     db          'M', 'D'
               00817 ;     db          '4', '1'
               00818 ;     db          ' ', 0x00
               00819 ; 
gpasm-0.13.7 beta               sd.asm      3-6-2010  21:06:13           PAGE 17


LOC  OBJECT CODE     LINE SOURCE TEXT
  VALUE
 
               00820 ; debugmsg4
               00821 ;     db          '\n', '['
               00822 ;     db          ' ', 'O'
               00823 ;     db          'k', ' '
               00824 ;     db          ']', '\n'
               00825 ;     db          0x00, 0x00
               00826 ; 
               00827 ; em
               00828 ;     db          'E', 'r'
               00829 ;     db          'r', 'o'
               00830 ;     db          'r', '!'
               00831 ;     db          ' ', 0x00
               00832 ; 
               00833 ; tom
               00834 ;     db          'T', '.'
               00835 ;     db          'O', 0x00
               00836 ; -- Export these --------------------------------------------------------------
               00837 
               00838     GLOBAL      sd_init
               00839     ;GLOBAL      sd_card_init    ; shouldn't be global
               00840     GLOBAL      sd_card_csd
               00841     GLOBAL      sd_card_cid
               00842     GLOBAL      sd_card_poll
               00843     GLOBAL      sd_card_read_block
               00844     
               00845     GLOBAL      sd_data
               00846 
gpasm-0.13.7 beta               sd.asm      3-6-2010  21:06:13           PAGE 18


SYMBOL TABLE
  LABEL                             VALUE 

A                                 00000000
ABDEN                             00000000
ABDOVF                            00000007
ACCESS                            00000000
ACKDT                             00000005
ACKEN                             00000004
ACKSTAT                           00000006
ACQT0                             00000003
ACQT1                             00000004
ACQT2                             00000005
ADCON0                            00000FC2
ADCON1                            00000FC1
ADCON2                            00000FC0
ADCS0                             00000000
ADCS1                             00000001
ADCS2                             00000002
ADDEN                             00000003
ADEN                              00000003
ADFM                              00000007
ADIE                              00000006
ADIF                              00000006
ADIP                              00000006
ADON                              00000000
ADRES                             00000FC3
ADRESH                            00000FC4
ADRESL                            00000FC3
AN0                               00000000
AN1                               00000001
AN10                              00000001
AN11                              00000004
AN12                              00000000
AN2                               00000002
AN3                               00000003
AN4                               00000005
AN5                               00000000
AN6                               00000001
AN7                               00000002
AN8                               00000002
AN9                               00000003
BANKED                            00000001
BAUDCON                           00000FB8
BAUDCTL                           00000FB8
BCLIE                             00000003
BCLIF                             00000003
BCLIP                             00000003
BF                                00000000
BGST                              00000005
BOR                               00000000
BRG16                             00000003
BRGH                              00000002
BSR                               00000FE0
C                                 00000000
C1INV                             00000004
gpasm-0.13.7 beta               sd.asm      3-6-2010  21:06:13           PAGE 19


LOC  OBJECT CODE     LINE SOURCE TEXT
  VALUE
 
C1OUT                             00000006
C2INV                             00000005
C2OUT                             00000007
CCP1                              00000002
CCP1CON                           00000FBD
CCP1IE                            00000002
CCP1IF                            00000002
CCP1IP                            00000002
CCP1M0                            00000000
CCP1M1                            00000001
CCP1M2                            00000002
CCP1M3                            00000003
CCP1X                             00000005
CCP1Y                             00000004
CCP2CON                           00000FBA
CCP2IE                            00000000
CCP2IF                            00000000
CCP2IP                            00000000
CCP2M0                            00000000
CCP2M1                            00000001
CCP2M2                            00000002
CCP2M3                            00000003
CCP2X                             00000005
CCP2Y                             00000004
CCP2_PORTB                        00000003
CCP2_PORTC                        00000001
CCPR1                             00000FBE
CCPR1H                            00000FBF
CCPR1L                            00000FBE
CCPR2                             00000FBB
CCPR2H                            00000FBC
CCPR2L                            00000FBB
CFGS                              00000006
CHS0                              00000002
CHS1                              00000003
CHS2                              00000004
CHS3                              00000005
CIS                               00000003
CK                                00000006
CKE                               00000006
CKP                               00000004
CLKI                              00000007
CLKO                              00000006
CM0                               00000000
CM1                               00000001
CM2                               00000002
CMCON                             00000FB4
CMIE                              00000006
CMIF                              00000006
CMIP                              00000006
CREN                              00000004
CS                                00000002
CSRC                              00000007
CVR0                              00000000
gpasm-0.13.7 beta               sd.asm      3-6-2010  21:06:13           PAGE 20


LOC  OBJECT CODE     LINE SOURCE TEXT
  VALUE
 
CVR1                              00000001
CVR2                              00000002
CVR3                              00000003
CVRCON                            00000FB5
CVREF                             00000002
CVREN                             00000007
CVROE                             00000006
CVRR                              00000005
CVRSS                             00000004
D                                 00000005
DC                                00000001
DC1B0                             00000004
DC1B1                             00000005
DC2B0                             00000004
DC2B1                             00000005
DONE                              00000001
DREG                              00000000
D_A                               00000005
ECCP1AS                           00000FB6
ECCPAS0                           00000004
ECCPAS1                           00000005
ECCPAS2                           00000006
ECCPASE                           00000007
EEADR                             00000FA9
EECON1                            00000FA6
EECON2                            00000FA7
EEDATA                            00000FA8
EEIE                              00000004
EEIF                              00000004
EEIP                              00000004
EEPGD                             00000007
FAST                              00000001
FERR                              00000002
FLTS                              00000002
FREE                              00000004
FSR0                              00000000
FSR0H                             00000FEA
FSR0L                             00000FE9
FSR1                              00000001
FSR1H                             00000FE2
FSR1L                             00000FE1
FSR2                              00000002
FSR2H                             00000FDA
FSR2L                             00000FD9
GCEN                              00000007
GIE                               00000007
GIEH                              00000007
GIEL                              00000006
GO                                00000001
GO_DONE                           00000001
HI_ADDR                           00000000
HLVDCON                           00000FD2
HLVDEN                            00000004
HLVDIE                            00000002
gpasm-0.13.7 beta               sd.asm      3-6-2010  21:06:13           PAGE 21


LOC  OBJECT CODE     LINE SOURCE TEXT
  VALUE
 
HLVDIF                            00000002
HLVDIP                            00000002
HLVDL0                            00000000
HLVDL1                            00000001
HLVDL2                            00000002
HLVDL3                            00000003
IBF                               00000007
IBOV                              00000005
IDLEN                             00000007
INDF0                             00000FEF
INDF1                             00000FE7
INDF2                             00000FDF
INT0                              00000000
INT0E                             00000004
INT0F                             00000001
INT0IE                            00000004
INT0IF                            00000001
INT1                              00000001
INT1E                             00000003
INT1F                             00000000
INT1IE                            00000003
INT1IF                            00000000
INT1IP                            00000006
INT1P                             00000006
INT2                              00000002
INT2E                             00000004
INT2F                             00000001
INT2IE                            00000004
INT2IF                            00000001
INT2IP                            00000007
INT2P                             00000007
INTCON                            00000FF2
INTCON2                           00000FF1
INTCON3                           00000FF0
INTEDG0                           00000006
INTEDG1                           00000005
INTEDG2                           00000004
INTSRC                            00000007
IOFS                              00000002
IPEN                              00000007
IPR1                              00000F9F
IPR2                              00000FA2
IRCF0                             00000004
IRCF1                             00000005
IRCF2                             00000006
IRVST                             00000005
IVRST                             00000005
KBI0                              00000004
KBI1                              00000005
KBI2                              00000006
KBI3                              00000007
LATA                              00000F89
LATA0                             00000000
LATA1                             00000001
gpasm-0.13.7 beta               sd.asm      3-6-2010  21:06:13           PAGE 22


LOC  OBJECT CODE     LINE SOURCE TEXT
  VALUE
 
LATA2                             00000002
LATA3                             00000003
LATA4                             00000004
LATA5                             00000005
LATA6                             00000006
LATA7                             00000007
LATB                              00000F8A
LATB0                             00000000
LATB1                             00000001
LATB2                             00000002
LATB3                             00000003
LATB4                             00000004
LATB5                             00000005
LATB6                             00000006
LATB7                             00000007
LATC                              00000F8B
LATC0                             00000000
LATC1                             00000001
LATC2                             00000002
LATC3                             00000003
LATC4                             00000004
LATC5                             00000005
LATC6                             00000006
LATC7                             00000007
LATD                              00000F8C
LATD0                             00000000
LATD1                             00000001
LATD2                             00000002
LATD3                             00000003
LATD4                             00000004
LATD5                             00000005
LATD6                             00000006
LATD7                             00000007
LATE                              00000F8D
LATE0                             00000000
LATE1                             00000001
LATE2                             00000002
LO_ADDR                           00000000
LVDCON                            00000FD2
LVDEN                             00000004
LVDIE                             00000002
LVDIF                             00000002
LVDIN                             00000005
LVDIP                             00000002
LVDL0                             00000000
LVDL1                             00000001
LVDL2                             00000002
LVDL3                             00000003
LVV0                              00000000
LVV1                              00000001
LVV2                              00000002
LVV3                              00000003
MCLR                              00000003
N                                 00000004
gpasm-0.13.7 beta               sd.asm      3-6-2010  21:06:13           PAGE 23


LOC  OBJECT CODE     LINE SOURCE TEXT
  VALUE
 
NOT_A                             00000005
NOT_ADDRESS                       00000005
NOT_BOR                           00000000
NOT_CS                            00000002
NOT_DONE                          00000001
NOT_MCLR                          00000003
NOT_PD                            00000002
NOT_POR                           00000001
NOT_RBPU                          00000007
NOT_RD                            00000000
NOT_RI                            00000004
NOT_SS                            00000005
NOT_T1SYNC                        00000002
NOT_T3SYNC                        00000002
NOT_TO                            00000003
NOT_W                             00000002
NOT_WR                            00000001
NOT_WRITE                         00000002
OBF                               00000006
OERR                              00000001
OSC1                              00000007
OSC2                              00000006
OSCCON                            00000FD3
OSCFIE                            00000007
OSCFIF                            00000007
OSCFIP                            00000007
OSCTUNE                           00000F9B
OSTS                              00000003
OV                                00000003
P                                 00000004
P1B                               00000005
P1C                               00000006
P1D                               00000007
P1M0                              00000006
P1M1                              00000007
PC                                00000FF9
PCFG0                             00000000
PCFG1                             00000001
PCFG2                             00000002
PCFG3                             00000003
PCL                               00000FF9
PCLATH                            00000FFA
PCLATU                            00000FFB
PD                                00000002
PDC0                              00000000
PDC1                              00000001
PDC2                              00000002
PDC3                              00000003
PDC4                              00000004
PDC5                              00000005
PDC6                              00000006
PEIE                              00000006
PEN                               00000002
PGC                               00000006
gpasm-0.13.7 beta               sd.asm      3-6-2010  21:06:13           PAGE 24


LOC  OBJECT CODE     LINE SOURCE TEXT
  VALUE
 
PGD                               00000007
PGM                               00000005
PIE1                              00000F9D
PIE2                              00000FA0
PIR1                              00000F9E
PIR2                              00000FA1
PLLEN                             00000006
PLUSW0                            00000FEB
PLUSW1                            00000FE3
PLUSW2                            00000FDB
POR                               00000001
PORTA                             00000F80
PORTB                             00000F81
PORTC                             00000F82
PORTD                             00000F83
PORTE                             00000F84
POSTDEC0                          00000FED
POSTDEC1                          00000FE5
POSTDEC2                          00000FDD
POSTINC0                          00000FEE
POSTINC1                          00000FE6
POSTINC2                          00000FDE
PR2                               00000FCB
PREINC0                           00000FEC
PREINC1                           00000FE4
PREINC2                           00000FDC
PROD                              00000FF3
PRODH                             00000FF4
PRODL                             00000FF3
PRSEN                             00000007
PSA                               00000003
PSP0                              00000000
PSP1                              00000001
PSP2                              00000002
PSP3                              00000003
PSP4                              00000004
PSP5                              00000005
PSP6                              00000006
PSP7                              00000007
PSPIE                             00000007
PSPIF                             00000007
PSPIP                             00000007
PSPMODE                           00000004
PSSAC0                            00000002
PSSAC1                            00000003
PSSBD0                            00000000
PSSBD1                            00000001
PWM1CON                           00000FB7
P_BUSACK                          00000000
P_BUSRQ                           00000001
P_CLK                             00000002
P_CS                              00000002
P_HI_LAT                          00000005
P_IORQ                            00000003
gpasm-0.13.7 beta               sd.asm      3-6-2010  21:06:13           PAGE 25


LOC  OBJECT CODE     LINE SOURCE TEXT
  VALUE
 
P_MREQ                            00000002
P_RD                              00000000
P_RESET                           00000000
P_RX                              00000007
P_RXF                             00000006
P_SD_CK                           00000003
P_SD_CS                           00000001
P_SD_DI                           00000004
P_SD_DO                           00000005
P_SD_FIND                         00000004
P_SD_PRES                         00000007
P_TX                              00000006
P_TXE                             00000005
P_WAIT                            00000004
P_WR                              00000001
R                                 00000002
RA0                               00000000
RA1                               00000001
RA2                               00000002
RA3                               00000003
RA4                               00000004
RA5                               00000005
RA6                               00000006
RA7                               00000007
RB0                               00000000
RB1                               00000001
RB2                               00000002
RB3                               00000003
RB4                               00000004
RB5                               00000005
RB6                               00000006
RB7                               00000007
RBIE                              00000003
RBIF                              00000000
RBIP                              00000000
RBPU                              00000007
RC0                               00000000
RC1                               00000001
RC2                               00000002
RC3                               00000003
RC4                               00000004
RC5                               00000005
RC6                               00000006
RC7                               00000007
RCEN                              00000003
RCIDL                             00000006
RCIE                              00000005
RCIF                              00000005
RCIP                              00000005
RCMT                              00000006
RCON                              00000FD0
RCREG                             00000FAE
RCSTA                             00000FAB
RD                                00000000
gpasm-0.13.7 beta               sd.asm      3-6-2010  21:06:13           PAGE 26


LOC  OBJECT CODE     LINE SOURCE TEXT
  VALUE
 
RD0                               00000000
RD1                               00000001
RD16                              00000007
RD2                               00000002
RD3                               00000003
RD4                               00000004
RD5                               00000005
RD6                               00000006
RD7                               00000007
RE0                               00000000
RE1                               00000001
RE2                               00000002
RE3                               00000003
RI                                00000004
RSEN                              00000001
RX                                00000007
RX9                               00000006
RX9D                              00000000
RXDTP                             00000005
R_W                               00000002
S                                 00000003
SBOREN                            00000006
SCK                               00000003
SCKP                              00000004
SCL                               00000003
SCS0                              00000000
SCS1                              00000001
SDA                               00000004
SDI                               00000004
SDO                               00000005
SEN                               00000000
SENDB                             00000003
SLAVE_LATB_DEF                    000000C0
SLAVE_TRISB_DEF                   0000001F
SMP                               00000007
SP0                               00000000
SP1                               00000001
SP2                               00000002
SP3                               00000003
SP4                               00000004
SPBRG                             00000FAF
SPBRGH                            00000FB0
SPEN                              00000007
SREN                              00000005
SS                                00000005
SSPADD                            00000FC8
SSPBUF                            00000FC9
SSPCON1                           00000FC6
SSPCON2                           00000FC5
SSPEN                             00000005
SSPIE                             00000003
SSPIF                             00000003
SSPIP                             00000003
SSPM0                             00000000
gpasm-0.13.7 beta               sd.asm      3-6-2010  21:06:13           PAGE 27


LOC  OBJECT CODE     LINE SOURCE TEXT
  VALUE
 
SSPM1                             00000001
SSPM2                             00000002
SSPM3                             00000003
SSPOV                             00000006
SSPSTAT                           00000FC7
STATUS                            00000FD8
STKFUL                            00000007
STKOVF                            00000007
STKPTR                            00000FFC
STKUNF                            00000006
SWDTE                             00000000
SWDTEN                            00000000
SYNC                              00000004
T08BIT                            00000006
T0CKI                             00000004
T0CON                             00000FD5
T0CS                              00000005
T0IE                              00000005
T0IF                              00000002
T0PS0                             00000000
T0PS1                             00000001
T0PS2                             00000002
T0SE                              00000004
T13CKI                            00000000
T1CKI                             00000000
T1CKPS0                           00000004
T1CKPS1                           00000005
T1CON                             00000FCD
T1OSCEN                           00000003
T1OSI                             00000001
T1OSO                             00000000
T1RUN                             00000006
T1SYNC                            00000002
T2CKPS0                           00000000
T2CKPS1                           00000001
T2CON                             00000FCA
T2OUTPS0                          00000003
T2OUTPS1                          00000004
T2OUTPS2                          00000005
T2OUTPS3                          00000006
T3CCP1                            00000003
T3CCP2                            00000006
T3CKPS0                           00000004
T3CKPS1                           00000005
T3CON                             00000FB1
T3SYNC                            00000002
TABLAT                            00000FF5
TBLPTR                            00000FF6
TBLPTRH                           00000FF7
TBLPTRL                           00000FF6
TBLPTRU                           00000FF8
TMR0H                             00000FD7
TMR0IE                            00000005
TMR0IF                            00000002
gpasm-0.13.7 beta               sd.asm      3-6-2010  21:06:13           PAGE 28


LOC  OBJECT CODE     LINE SOURCE TEXT
  VALUE
 
TMR0IP                            00000002
TMR0L                             00000FD6
TMR0ON                            00000007
TMR1CS                            00000001
TMR1H                             00000FCF
TMR1IE                            00000000
TMR1IF                            00000000
TMR1IP                            00000000
TMR1L                             00000FCE
TMR1ON                            00000000
TMR2                              00000FCC
TMR2IE                            00000001
TMR2IF                            00000001
TMR2IP                            00000001
TMR2ON                            00000002
TMR3CS                            00000001
TMR3H                             00000FB3
TMR3IE                            00000001
TMR3IF                            00000001
TMR3IP                            00000001
TMR3L                             00000FB2
TMR3ON                            00000000
TO                                00000003
TOS                               00000FFD
TOSH                              00000FFE
TOSL                              00000FFD
TOSU                              00000FFF
TRISA                             00000F92
TRISA0                            00000000
TRISA1                            00000001
TRISA2                            00000002
TRISA3                            00000003
TRISA4                            00000004
TRISA5                            00000005
TRISA6                            00000006
TRISA7                            00000007
TRISB                             00000F93
TRISB0                            00000000
TRISB1                            00000001
TRISB2                            00000002
TRISB3                            00000003
TRISB4                            00000004
TRISB5                            00000005
TRISB6                            00000006
TRISB7                            00000007
TRISC                             00000F94
TRISC0                            00000000
TRISC1                            00000001
TRISC2                            00000002
TRISC3                            00000003
TRISC4                            00000004
TRISC5                            00000005
TRISC6                            00000006
TRISC7                            00000007
gpasm-0.13.7 beta               sd.asm      3-6-2010  21:06:13           PAGE 29


LOC  OBJECT CODE     LINE SOURCE TEXT
  VALUE
 
TRISD                             00000F95
TRISD0                            00000000
TRISD1                            00000001
TRISD2                            00000002
TRISD3                            00000003
TRISD4                            00000004
TRISD5                            00000005
TRISD6                            00000006
TRISD7                            00000007
TRISE                             00000F96
TRISE0                            00000000
TRISE1                            00000001
TRISE2                            00000002
TRMT                              00000001
TUN0                              00000000
TUN1                              00000001
TUN2                              00000002
TUN3                              00000003
TUN4                              00000004
TX                                00000006
TX9                               00000006
TX9D                              00000000
TXCKP                             00000004
TXEN                              00000005
TXIE                              00000004
TXIF                              00000004
TXIP                              00000004
TXREG                             00000FAD
TXSTA                             00000FAC
UA                                00000001
VCFG0                             00000004
VCFG1                             00000005
VDIRMAG                           00000007
VPP                               00000003
VREFN                             00000002
VREFP                             00000003
W                                 00000000
WCOL                              00000007
WDTCON                            00000FD1
WR                                00000001
WREG                              00000FE8
WREN                              00000002
WRERR                             00000003
WUE                               00000001
Z                                 00000002
_BOREN_NOSLP_2L                   000000FD
_BOREN_OFF_2L                     000000F9
_BOREN_ON_2L                      000000FB
_BOREN_SBORDIS_2L                 000000FF
_BORV_0_2L                        000000E7
_BORV_1_2L                        000000EF
_BORV_2_2L                        000000F7
_BORV_3_2L                        000000FF
_CCP2MX_PORTBE_3H                 000000FE
gpasm-0.13.7 beta               sd.asm      3-6-2010  21:06:13           PAGE 30


LOC  OBJECT CODE     LINE SOURCE TEXT
  VALUE
 
_CCP2MX_PORTC_3H                  000000FF
_CONFIG1H                         00300001
_CONFIG2H                         00300003
_CONFIG2L                         00300002
_CONFIG3H                         00300005
_CONFIG4L                         00300006
_CONFIG5H                         00300009
_CONFIG5L                         00300008
_CONFIG6H                         0030000B
_CONFIG6L                         0030000A
_CONFIG7H                         0030000D
_CONFIG7L                         0030000C
_CP0_OFF_5L                       000000FF
_CP0_ON_5L                        000000FE
_CP1_OFF_5L                       000000FF
_CP1_ON_5L                        000000FD
_CP2_OFF_5L                       000000FF
_CP2_ON_5L                        000000FB
_CP3_OFF_5L                       000000FF
_CP3_ON_5L                        000000F7
_CPB_OFF_5H                       000000FF
_CPB_ON_5H                        000000BF
_CPD_OFF_5H                       000000FF
_CPD_ON_5H                        0000007F
_DEBUG_OFF_4L                     000000FF
_DEBUG_ON_4L                      0000007F
_DEVID1                           003FFFFE
_DEVID2                           003FFFFF
_EBTR0_OFF_7L                     000000FF
_EBTR0_ON_7L                      000000FE
_EBTR1_OFF_7L                     000000FF
_EBTR1_ON_7L                      000000FD
_EBTR2_OFF_7L                     000000FF
_EBTR2_ON_7L                      000000FB
_EBTR3_OFF_7L                     000000FF
_EBTR3_ON_7L                      000000F7
_EBTRB_OFF_7H                     000000FF
_EBTRB_ON_7H                      000000BF
_FCMEN_OFF_1H                     000000BF
_FCMEN_ON_1H                      000000FF
_IDLOC0                           00200000
_IDLOC1                           00200001
_IDLOC2                           00200002
_IDLOC3                           00200003
_IDLOC4                           00200004
_IDLOC5                           00200005
_IDLOC6                           00200006
_IDLOC7                           00200007
_IESO_OFF_1H                      0000007F
_IESO_ON_1H                       000000FF
_LPT1OSC_OFF_3H                   000000FB
_LPT1OSC_ON_3H                    000000FF
_LVP_OFF_4L                       000000FB
_LVP_ON_4L                        000000FF
gpasm-0.13.7 beta               sd.asm      3-6-2010  21:06:13           PAGE 31


LOC  OBJECT CODE     LINE SOURCE TEXT
  VALUE
 
_MCLRE_OFF_3H                     0000007F
_MCLRE_ON_3H                      000000FF
_OSC_ECIO6_1H                     000000F5
_OSC_EC_1H                        000000F4
_OSC_HSPLL_1H                     000000F6
_OSC_HS_1H                        000000F2
_OSC_INTIO67_1H                   000000F8
_OSC_INTIO7_1H                    000000F9
_OSC_LP_1H                        000000F0
_OSC_RCIO6_1H                     000000F7
_OSC_RC_1H                        000000F3
_OSC_XT_1H                        000000F1
_PBADEN_OFF_3H                    000000FD
_PBADEN_ON_3H                     000000FF
_PWRT_OFF_2L                      000000FF
_PWRT_ON_2L                       000000FE
_STVREN_OFF_4L                    000000FE
_STVREN_ON_4L                     000000FF
_WDTPS_1024_2H                    000000F5
_WDTPS_128_2H                     000000EF
_WDTPS_16384_2H                   000000FD
_WDTPS_16_2H                      000000E9
_WDTPS_1_2H                       000000E1
_WDTPS_2048_2H                    000000F7
_WDTPS_256_2H                     000000F1
_WDTPS_2_2H                       000000E3
_WDTPS_32768_2H                   000000FF
_WDTPS_32_2H                      000000EB
_WDTPS_4096_2H                    000000F9
_WDTPS_4_2H                       000000E5
_WDTPS_512_2H                     000000F3
_WDTPS_64_2H                      000000ED
_WDTPS_8192_2H                    000000FB
_WDTPS_8_2H                       000000E7
_WDT_OFF_2H                       000000FE
_WDT_ON_2H                        000000FF
_WRT0_OFF_6L                      000000FF
_WRT0_ON_6L                       000000FE
_WRT1_OFF_6L                      000000FF
_WRT1_ON_6L                       000000FD
_WRT2_OFF_6L                      000000FF
_WRT2_ON_6L                       000000FB
_WRT3_OFF_6L                      000000FF
_WRT3_ON_6L                       000000F7
_WRTB_OFF_6H                      000000FF
_WRTB_ON_6H                       000000BF
_WRTC_OFF_6H                      000000FF
_WRTC_ON_6H                       000000DF
_WRTD_OFF_6H                      000000FF
_WRTD_ON_6H                       0000007F
_XINST_OFF_4L                     000000BF
_XINST_ON_4L                      000000FF
__18F4520                         00000001
carderr                           00000001
gpasm-0.13.7 beta               sd.asm      3-6-2010  21:06:13           PAGE 32


LOC  OBJECT CODE     LINE SOURCE TEXT
  VALUE
 
cardinit                          00000002
count                             00000000
ensure_master                     00000000
error_exit                        000000D6
error_exit_nr                     000000EE
init_started                      00000003
io_write                          00000000
nloop                             0000003C
not_hcsd                          0000008C
read_sd                           000001F4
read_spi                          00000282
read_spi_loop                     00000284
revert_master                     00000000
sd_acmd41                         00000090
sd_card_cid                       00000134
sd_card_cid_read_loop             00000166
sd_card_csd                       000000F4
sd_card_csd_loop                  00000126
sd_card_init                      0000001A
sd_card_init_loop                 0000001E
sd_card_poll                      000001C2
sd_card_read_block                0000017E
sd_card_read_block_loop           000001AC
sd_card_read_block_wait           0000019A
sd_card_removed                   000001EE
sd_cmd55                          0000023A
sd_command                        00000003
sd_data                           00000004
sd_do_init                        000001E0
sd_get_checksum                   00000270
sd_init                           00000000
sd_init_timeout                   000001DA
sd_timeout                        000000B6
sd_timeout_nr                     000000D0
sdflags                           00000002
slave_count                       00000000
start_timeout                     00000174
temp2                             00000008
v2                                00000000
write_sd                          00000206
write_spi                         0000028C
write_spi_loop                    0000028E
DDRA                              TRISA
DDRB                              TRISB
DDRC                              TRISC
DDRD                              TRISD
DDRE                              TRISE


Errors   :       0
Warnings :       0 reported,       0 suppressed
Messages :       0 reported,       0 suppressed

